Component: ARM Compiler 5.06 update 5 (build 528) Tool: armlink [4d35e2]

==============================================================================

Section Cross References

    startup_stm32f103x6.o(RESET) refers to startup_stm32f103x6.o(STACK) for __initial_sp
    startup_stm32f103x6.o(RESET) refers to startup_stm32f103x6.o(.text) for Reset_Handler
    startup_stm32f103x6.o(RESET) refers to stm32f1xx_it.o(i.NMI_Handler) for NMI_Handler
    startup_stm32f103x6.o(RESET) refers to stm32f1xx_it.o(i.HardFault_Handler) for HardFault_Handler
    startup_stm32f103x6.o(RESET) refers to stm32f1xx_it.o(i.MemManage_Handler) for MemManage_Handler
    startup_stm32f103x6.o(RESET) refers to stm32f1xx_it.o(i.BusFault_Handler) for BusFault_Handler
    startup_stm32f103x6.o(RESET) refers to stm32f1xx_it.o(i.UsageFault_Handler) for UsageFault_Handler
    startup_stm32f103x6.o(RESET) refers to stm32f1xx_it.o(i.SVC_Handler) for SVC_Handler
    startup_stm32f103x6.o(RESET) refers to stm32f1xx_it.o(i.DebugMon_Handler) for DebugMon_Handler
    startup_stm32f103x6.o(RESET) refers to stm32f1xx_it.o(i.PendSV_Handler) for PendSV_Handler
    startup_stm32f103x6.o(RESET) refers to stm32f1xx_it.o(i.SysTick_Handler) for SysTick_Handler
    startup_stm32f103x6.o(RESET) refers to stm32f1xx_it.o(i.EXTI1_IRQHandler) for EXTI1_IRQHandler
    startup_stm32f103x6.o(RESET) refers to stm32f1xx_it.o(i.EXTI2_IRQHandler) for EXTI2_IRQHandler
    startup_stm32f103x6.o(RESET) refers to stm32f1xx_it.o(i.RTC_Alarm_IRQHandler) for RTC_Alarm_IRQHandler
    startup_stm32f103x6.o(.text) refers to system_stm32f1xx.o(i.SystemInit) for SystemInit
    startup_stm32f103x6.o(.text) refers to entry.o(.ARM.Collect$$$$00000000) for __main
    lcd16x2.o(i.LCD_CMD) refers to stm32f1xx_hal_gpio.o(i.HAL_GPIO_WritePin) for HAL_GPIO_WritePin
    lcd16x2.o(i.LCD_CMD) refers to lcd16x2.o(i.LCD_DATA) for LCD_DATA
    lcd16x2.o(i.LCD_CMD) refers to stm32f1xx_hal.o(i.HAL_Delay) for HAL_Delay
    lcd16x2.o(i.LCD_CMD) refers to lcd16x2_cfg.o(.constdata) for LCD16x2_CfgParam
    lcd16x2.o(i.LCD_Clear) refers to lcd16x2.o(i.LCD_CMD) for LCD_CMD
    lcd16x2.o(i.LCD_Clear) refers to stm32f1xx_hal.o(i.HAL_Delay) for HAL_Delay
    lcd16x2.o(i.LCD_DATA) refers to stm32f1xx_hal_gpio.o(i.HAL_GPIO_WritePin) for HAL_GPIO_WritePin
    lcd16x2.o(i.LCD_DATA) refers to lcd16x2_cfg.o(.constdata) for LCD16x2_CfgParam
    lcd16x2.o(i.LCD_HideCursor) refers to lcd16x2.o(i.LCD_CMD) for LCD_CMD
    lcd16x2.o(i.LCD_HideCursor) refers to stm32f1xx_hal.o(i.HAL_Delay) for HAL_Delay
    lcd16x2.o(i.LCD_Init) refers to stm32f1xx_hal_gpio.o(i.HAL_GPIO_WritePin) for HAL_GPIO_WritePin
    lcd16x2.o(i.LCD_Init) refers to stm32f1xx_hal_gpio.o(i.HAL_GPIO_Init) for HAL_GPIO_Init
    lcd16x2.o(i.LCD_Init) refers to lcd16x2.o(i.LCD_DATA) for LCD_DATA
    lcd16x2.o(i.LCD_Init) refers to stm32f1xx_hal.o(i.HAL_Delay) for HAL_Delay
    lcd16x2.o(i.LCD_Init) refers to lcd16x2.o(i.LCD_CMD) for LCD_CMD
    lcd16x2.o(i.LCD_Init) refers to lcd16x2_cfg.o(.constdata) for LCD16x2_CfgParam
    lcd16x2.o(i.LCD_SL) refers to lcd16x2.o(i.LCD_CMD) for LCD_CMD
    lcd16x2.o(i.LCD_SL) refers to stm32f1xx_hal.o(i.HAL_Delay) for HAL_Delay
    lcd16x2.o(i.LCD_SR) refers to lcd16x2.o(i.LCD_CMD) for LCD_CMD
    lcd16x2.o(i.LCD_SR) refers to stm32f1xx_hal.o(i.HAL_Delay) for HAL_Delay
    lcd16x2.o(i.LCD_Set_Cursor) refers to lcd16x2.o(i.LCD_CMD) for LCD_CMD
    lcd16x2.o(i.LCD_Set_Cursor) refers to stm32f1xx_hal.o(i.HAL_Delay) for HAL_Delay
    lcd16x2.o(i.LCD_ShowCursor) refers to lcd16x2.o(i.LCD_CMD) for LCD_CMD
    lcd16x2.o(i.LCD_ShowCursor) refers to stm32f1xx_hal.o(i.HAL_Delay) for HAL_Delay
    lcd16x2.o(i.LCD_Write_Char) refers to stm32f1xx_hal_gpio.o(i.HAL_GPIO_WritePin) for HAL_GPIO_WritePin
    lcd16x2.o(i.LCD_Write_Char) refers to lcd16x2.o(i.LCD_DATA) for LCD_DATA
    lcd16x2.o(i.LCD_Write_Char) refers to stm32f1xx_hal.o(i.HAL_Delay) for HAL_Delay
    lcd16x2.o(i.LCD_Write_Char) refers to lcd16x2_cfg.o(.constdata) for LCD16x2_CfgParam
    lcd16x2.o(i.LCD_Write_String) refers to lcd16x2.o(i.LCD_Write_Char) for LCD_Write_Char
    main.o(i.HAL_GPIO_EXTI_Callback) refers to stm32f1xx_hal_rtc.o(i.HAL_RTC_SetDate) for HAL_RTC_SetDate
    main.o(i.HAL_GPIO_EXTI_Callback) refers to lcd16x2.o(i.LCD_HideCursor) for LCD_HideCursor
    main.o(i.HAL_GPIO_EXTI_Callback) refers to stm32f1xx_hal_gpio.o(i.HAL_GPIO_WritePin) for HAL_GPIO_WritePin
    main.o(i.HAL_GPIO_EXTI_Callback) refers to stm32f1xx_hal_rtc.o(i.HAL_RTC_SetTime) for HAL_RTC_SetTime
    main.o(i.HAL_GPIO_EXTI_Callback) refers to main.o(.data) for .data
    main.o(i.HAL_GPIO_EXTI_Callback) refers to main.o(.bss) for .bss
    main.o(i.MX_GPIO_Init) refers to stm32f1xx_hal_gpio.o(i.HAL_GPIO_WritePin) for HAL_GPIO_WritePin
    main.o(i.MX_GPIO_Init) refers to stm32f1xx_hal_gpio.o(i.HAL_GPIO_Init) for HAL_GPIO_Init
    main.o(i.MX_GPIO_Init) refers to stm32f1xx_hal_cortex.o(i.HAL_NVIC_SetPriority) for HAL_NVIC_SetPriority
[...]
    stm32f1xx_hal_flash_ex.o(i.HAL_FLASHEx_OBErase) refers to stm32f1xx_hal_flash_ex.o(i.FLASH_OB_RDP_LevelConfig) for FLASH_OB_RDP_LevelConfig
    stm32f1xx_hal_flash_ex.o(i.HAL_FLASHEx_OBErase) refers to stm32f1xx_hal_flash.o(.bss) for pFlash
    stm32f1xx_hal_flash_ex.o(i.HAL_FLASHEx_OBGetConfig) refers to stm32f1xx_hal_flash_ex.o(i.FLASH_OB_GetRDP) for FLASH_OB_GetRDP
    stm32f1xx_hal_flash_ex.o(i.HAL_FLASHEx_OBProgram) refers to stm32f1xx_hal_flash.o(i.FLASH_WaitForLastOperation) for FLASH_WaitForLastOperation
    stm32f1xx_hal_flash_ex.o(i.HAL_FLASHEx_OBProgram) refers to stm32f1xx_hal_flash_ex.o(i.HAL_FLASHEx_OBErase) for HAL_FLASHEx_OBErase
    stm32f1xx_hal_flash_ex.o(i.HAL_FLASHEx_OBProgram) refers to stm32f1xx_hal_flash_ex.o(i.FLASH_OB_RDP_LevelConfig) for FLASH_OB_RDP_LevelConfig
    stm32f1xx_hal_flash_ex.o(i.HAL_FLASHEx_OBProgram) refers to stm32f1xx_hal_flash.o(.bss) for pFlash
    system_stm32f1xx.o(i.SystemCoreClockUpdate) refers to system_stm32f1xx.o(.data) for .data
    system_stm32f1xx.o(i.SystemCoreClockUpdate) refers to system_stm32f1xx.o(.constdata) for .constdata
    entry.o(.ARM.Collect$$$$00000000) refers (Special) to entry10a.o(.ARM.Collect$$$$0000000D) for __rt_final_cpp
    entry.o(.ARM.Collect$$$$00000000) refers (Special) to entry11a.o(.ARM.Collect$$$$0000000F) for __rt_final_exit
    entry.o(.ARM.Collect$$$$00000000) refers (Special) to entry7b.o(.ARM.Collect$$$$00000008) for _main_clock
    entry.o(.ARM.Collect$$$$00000000) refers (Special) to entry8b.o(.ARM.Collect$$$$0000000A) for _main_cpp_init
    entry.o(.ARM.Collect$$$$00000000) refers (Special) to entry9a.o(.ARM.Collect$$$$0000000B) for _main_init
    entry.o(.ARM.Collect$$$$00000000) refers (Special) to entry5.o(.ARM.Collect$$$$00000004) for _main_scatterload
    entry.o(.ARM.Collect$$$$00000000) refers (Special) to entry2.o(.ARM.Collect$$$$00000001) for _main_stk
    printfb.o(i.__0fprintf$bare) refers to printfb.o(i._printf_core) for _printf_core
    printfb.o(i.__0fprintf$bare) refers to fputc.o(i.fputc) for fputc
    printfb.o(i.__0printf$bare) refers to printfb.o(i._printf_core) for _printf_core
    printfb.o(i.__0printf$bare) refers to fputc.o(i.fputc) for fputc
    printfb.o(i.__0printf$bare) refers to stdout.o(.data) for __stdout
    printfb.o(i.__0snprintf$bare) refers to printfb.o(i._printf_core) for _printf_core
    printfb.o(i.__0snprintf$bare) refers to printfb.o(i._snputc) for _snputc
    printfb.o(i.__0sprintf$bare) refers to printfb.o(i._printf_core) for _printf_core
    printfb.o(i.__0sprintf$bare) refers to printfb.o(i._sputc) for _sputc
    printfb.o(i.__0vfprintf$bare) refers to printfb.o(i._printf_core) for _printf_core
    printfb.o(i.__0vfprintf$bare) refers to fputc.o(i.fputc) for fputc
    printfb.o(i.__0vprintf$bare) refers to printfb.o(i._printf_core) for _printf_core
    printfb.o(i.__0vprintf$bare) refers to fputc.o(i.fputc) for fputc
    printfb.o(i.__0vprintf$bare) refers to stdout.o(.data) for __stdout
    printfb.o(i.__0vsnprintf$bare) refers to printfb.o(i._printf_core) for _printf_core
    printfb.o(i.__0vsnprintf$bare) refers to printfb.o(i._snputc) for _snputc
    printfb.o(i.__0vsprintf$bare) refers to printfb.o(i._printf_core) for _printf_core
    printfb.o(i.__0vsprintf$bare) refers to printfb.o(i._sputc) for _sputc
    printf0.o(i.__0fprintf$0) refers to printf0.o(i._printf_core) for _printf_core
    printf0.o(i.__0fprintf$0) refers to fputc.o(i.fputc) for fputc
    printf0.o(i.__0printf$0) refers to printf0.o(i._printf_core) for _printf_core
    printf0.o(i.__0printf$0) refers to fputc.o(i.fputc) for fputc
    printf0.o(i.__0printf$0) refers to stdout.o(.data) for __stdout
    printf0.o(i.__0snprintf$0) refers to printf0.o(i._printf_core) for _printf_core
    printf0.o(i.__0snprintf$0) refers to printf0.o(i._snputc) for _snputc
    printf0.o(i.__0sprintf$0) refers to printf0.o(i._printf_core) for _printf_core
    printf0.o(i.__0sprintf$0) refers to printf0.o(i._sputc) for _sputc
    printf0.o(i.__0vfprintf$0) refers to printf0.o(i._printf_core) for _printf_core
    printf0.o(i.__0vfprintf$0) refers to fputc.o(i.fputc) for fputc
    printf0.o(i.__0vprintf$0) refers to printf0.o(i._printf_core) for _printf_core
    printf0.o(i.__0vprintf$0) refers to fputc.o(i.fputc) for fputc
    printf0.o(i.__0vprintf$0) refers to stdout.o(.data) for __stdout
    printf0.o(i.__0vsnprintf$0) refers to printf0.o(i._printf_core) for _printf_core
    printf0.o(i.__0vsnprintf$0) refers to printf0.o(i._snputc) for _snputc
    printf0.o(i.__0vsprintf$0) refers to printf0.o(i._printf_core) for _printf_core
    printf0.o(i.__0vsprintf$0) refers to printf0.o(i._sputc) for _sputc
    printf1.o(i.__0fprintf$1) refers to printf1.o(i._printf_core) for _printf_core
    printf1.o(i.__0fprintf$1) refers to fputc.o(i.fputc) for fputc
    printf1.o(i.__0printf$1) refers to printf1.o(i._printf_core) for _printf_core
    printf1.o(i.__0printf$1) refers to fputc.o(i.fputc) for fputc
    printf1.o(i.__0printf$1) refers to stdout.o(.data) for __stdout
    printf1.o(i.__0snprintf$1) refers to printf1.o(i._printf_core) for _printf_core
    printf1.o(i.__0snprintf$1) refers to printf1.o(i._snputc) for _snputc
    printf1.o(i.__0sprintf$1) refers to printf1.o(i._printf_core) for _printf_core
    printf1.o(i.__0sprintf$1) refers to printf1.o(i._sputc) for _sputc
    printf1.o(i.__0vfprintf$1) refers to printf1.o(i._printf_core) for _printf_core
    printf1.o(i.__0vfprintf$1) refers to fputc.o(i.fputc) for fputc
    printf1.o(i.__0vprintf$1) refers to printf1.o(i._printf_core) for _printf_core
    printf1.o(i.__0vprintf$1) refers to fputc.o(i.fputc) for fputc
    printf1.o(i.__0vprintf$1) refers to stdout.o(.data) for __stdout
    printf1.o(i.__0vsnprintf$1) refers to printf1.o(i._printf_core) for _printf_core
    printf1.o(i.__0vsnprintf$1) refers to printf1.o(i._snputc) for _snputc
    printf1.o(i.__0vsprintf$1) refers to printf1.o(i._printf_core) for _printf_core
    printf1.o(i.__0vsprintf$1) refers to printf1.o(i._sputc) for _sputc
    printf1.o(i._printf_core) refers to uidiv.o(.text) for __aeabi_uidivmod
    printf2.o(i.__0fprintf$2) refers to printf2.o(i._printf_core) for _printf_core
    printf2.o(i.__0fprintf$2) refers to fputc.o(i.fputc) for fputc
    printf2.o(i.__0printf$2) refers to printf2.o(i._printf_core) for _printf_core
    printf2.o(i.__0printf$2) refers to fputc.o(i.fputc) for fputc
    printf2.o(i.__0printf$2) refers to stdout.o(.data) for __stdout
    printf2.o(i.__0snprintf$2) refers to printf2.o(i._printf_core) for _printf_core
    printf2.o(i.__0snprintf$2) refers to printf2.o(i._snputc) for _snputc
    printf2.o(i.__0sprintf$2) refers to printf2.o(i._printf_core) for _printf_core
    printf2.o(i.__0sprintf$2) refers to printf2.o(i._sputc) for _sputc
    printf2.o(i.__0vfprintf$2) refers to printf2.o(i._printf_core) for _printf_core
    printf2.o(i.__0vfprintf$2) refers to fputc.o(i.fputc) for fputc
    printf2.o(i.__0vprintf$2) refers to printf2.o(i._printf_core) for _printf_core
    printf2.o(i.__0vprintf$2) refers to fputc.o(i.fputc) for fputc
    printf2.o(i.__0vprintf$2) refers to stdout.o(.data) for __stdout
    printf2.o(i.__0vsnprintf$2) refers to printf2.o(i._printf_core) for _printf_core
    printf2.o(i.__0vsnprintf$2) refers to printf2.o(i._snputc) for _snputc
    printf2.o(i.__0vsprintf$2) refers to printf2.o(i._printf_core) for _printf_core
    printf2.o(i.__0vsprintf$2) refers to printf2.o(i._sputc) for _sputc
    printf3.o(i.__0fprintf$3) refers to printf3.o(i._printf_core) for _printf_core
    printf3.o(i.__0fprintf$3) refers to fputc.o(i.fputc) for fputc
    printf3.o(i.__0printf$3) refers to printf3.o(i._printf_core) for _printf_core
    printf3.o(i.__0printf$3) refers to fputc.o(i.fputc) for fputc
    printf3.o(i.__0printf$3) refers to stdout.o(.data) for __stdout
    printf3.o(i.__0snprintf$3) refers to printf3.o(i._printf_core) for _printf_core
    printf3.o(i.__0snprintf$3) refers to printf3.o(i._snputc) for _snputc
    printf3.o(i.__0sprintf$3) refers to printf3.o(i._printf_core) for _printf_core
    printf3.o(i.__0sprintf$3) refers to printf3.o(i._sputc) for _sputc
    printf3.o(i.__0vfprintf$3) refers to printf3.o(i._printf_core) for _printf_core
    printf3.o(i.__0vfprintf$3) refers to fputc.o(i.fputc) for fputc
    printf3.o(i.__0vprintf$3) refers to printf3.o(i._printf_core) for _printf_core
    printf3.o(i.__0vprintf$3) refers to fputc.o(i.fputc) for fputc
    printf3.o(i.__0vprintf$3) refers to stdout.o(.data) for __stdout
    printf3.o(i.__0vsnprintf$3) refers to printf3.o(i._printf_core) for _printf_core
    printf3.o(i.__0vsnprintf$3) refers to printf3.o(i._snputc) for _snputc
    printf3.o(i.__0vsprintf$3) refers to printf3.o(i._printf_core) for _printf_core
    printf3.o(i.__0vsprintf$3) refers to printf3.o(i._sputc) for _sputc
    printf3.o(i._printf_core) refers to uidiv.o(.text) for __aeabi_uidivmod
    printf4.o(i.__0fprintf$4) refers to printf4.o(i._printf_core) for _printf_core
    printf4.o(i.__0fprintf$4) refers to fputc.o(i.fputc) for fputc
    printf4.o(i.__0printf$4) refers to printf4.o(i._printf_core) for _printf_core
    printf4.o(i.__0printf$4) refers to fputc.o(i.fputc) for fputc
    printf4.o(i.__0printf$4) refers to stdout.o(.data) for __stdout
    printf4.o(i.__0snprintf$4) refers to printf4.o(i._printf_core) for _printf_core
    printf4.o(i.__0snprintf$4) refers to printf4.o(i._snputc) for _snputc
    printf4.o(i.__0sprintf$4) refers to printf4.o(i._printf_core) for _printf_core
    printf4.o(i.__0sprintf$4) refers to printf4.o(i._sputc) for _sputc
    printf4.o(i.__0vfprintf$4) refers to printf4.o(i._printf_core) for _printf_core
    printf4.o(i.__0vfprintf$4) refers to fputc.o(i.fputc) for fputc
    printf4.o(i.__0vprintf$4) refers to printf4.o(i._printf_core) for _printf_core
    printf4.o(i.__0vprintf$4) refers to fputc.o(i.fputc) for fputc
    printf4.o(i.__0vprintf$4) refers to stdout.o(.data) for __stdout
    printf4.o(i.__0vsnprintf$4) refers to printf4.o(i._printf_core) for _printf_core
    printf4.o(i.__0vsnprintf$4) refers to printf4.o(i._snputc) for _snputc
    printf4.o(i.__0vsprintf$4) refers to printf4.o(i._printf_core) for _printf_core
    printf4.o(i.__0vsprintf$4) refers to printf4.o(i._sputc) for _sputc
    printf4.o(i._printf_core) refers to uldiv.o(.text) for __aeabi_uldivmod
    printf5.o(i.__0fprintf$5) refers to printf5.o(i._printf_core) for _printf_core
    printf5.o(i.__0fprintf$5) refers to fputc.o(i.fputc) for fputc
    printf5.o(i.__0printf$5) refers to printf5.o(i._printf_core) for _printf_core
    printf5.o(i.__0printf$5) refers to fputc.o(i.fputc) for fputc
    printf5.o(i.__0printf$5) refers to stdout.o(.data) for __stdout
    printf5.o(i.__0snprintf$5) refers to printf5.o(i._printf_core) for _printf_core
    printf5.o(i.__0snprintf$5) refers to printf5.o(i._snputc) for _snputc
    printf5.o(i.__0sprintf$5) refers to printf5.o(i._printf_core) for _printf_core
    printf5.o(i.__0sprintf$5) refers to printf5.o(i._sputc) for _sputc
    printf5.o(i.__0vfprintf$5) refers to printf5.o(i._printf_core) for _printf_core
    printf5.o(i.__0vfprintf$5) refers to fputc.o(i.fputc) for fputc
    printf5.o(i.__0vprintf$5) refers to printf5.o(i._printf_core) for _printf_core
    printf5.o(i.__0vprintf$5) refers to fputc.o(i.fputc) for fputc
    printf5.o(i.__0vprintf$5) refers to stdout.o(.data) for __stdout
    printf5.o(i.__0vsnprintf$5) refers to printf5.o(i._printf_core) for _printf_core
    printf5.o(i.__0vsnprintf$5) refers to printf5.o(i._snputc) for _snputc
    printf5.o(i.__0vsprintf$5) refers to printf5.o(i._printf_core) for _printf_core
    printf5.o(i.__0vsprintf$5) refers to printf5.o(i._sputc) for _sputc
    printf5.o(i._printf_core) refers to uldiv.o(.text) for __aeabi_uldivmod
    printf6.o(i.__0fprintf$6) refers to printf6.o(i._printf_core) for _printf_core
    printf6.o(i.__0fprintf$6) refers to fputc.o(i.fputc) for fputc
    printf6.o(i.__0printf$6) refers to printf6.o(i._printf_core) for _printf_core
    printf6.o(i.__0printf$6) refers to fputc.o(i.fputc) for fputc
    printf6.o(i.__0printf$6) refers to stdout.o(.data) for __stdout
    printf6.o(i.__0snprintf$6) refers to printf6.o(i._printf_core) for _printf_core
    printf6.o(i.__0snprintf$6) refers to printf6.o(i._snputc) for _snputc
    printf6.o(i.__0sprintf$6) refers to printf6.o(i._printf_core) for _printf_core
    printf6.o(i.__0sprintf$6) refers to printf6.o(i._sputc) for _sputc
    printf6.o(i.__0vfprintf$6) refers to printf6.o(i._printf_core) for _printf_core
    printf6.o(i.__0vfprintf$6) refers to fputc.o(i.fputc) for fputc
    printf6.o(i.__0vprintf$6) refers to printf6.o(i._printf_core) for _printf_core
    printf6.o(i.__0vprintf$6) refers to fputc.o(i.fputc) for fputc
    printf6.o(i.__0vprintf$6) refers to stdout.o(.data) for __stdout
    printf6.o(i.__0vsnprintf$6) refers to printf6.o(i._printf_core) for _printf_core
    printf6.o(i.__0vsnprintf$6) refers to printf6.o(i._snputc) for _snputc
    printf6.o(i.__0vsprintf$6) refers to printf6.o(i._printf_core) for _printf_core
    printf6.o(i.__0vsprintf$6) refers to printf6.o(i._sputc) for _sputc
    printf6.o(i._printf_core) refers to printf6.o(i._printf_pre_padding) for _printf_pre_padding
    printf6.o(i._printf_core) refers to uidiv.o(.text) for __aeabi_uidivmod
    printf6.o(i._printf_core) refers to printf6.o(i._printf_post_padding) for _printf_post_padding
    printf7.o(i.__0fprintf$7) refers to printf7.o(i._printf_core) for _printf_core
    printf7.o(i.__0fprintf$7) refers to fputc.o(i.fputc) for fputc
    printf7.o(i.__0printf$7) refers to printf7.o(i._printf_core) for _printf_core
    printf7.o(i.__0printf$7) refers to fputc.o(i.fputc) for fputc
    printf7.o(i.__0printf$7) refers to stdout.o(.data) for __stdout
    printf7.o(i.__0snprintf$7) refers to printf7.o(i._printf_core) for _printf_core
    printf7.o(i.__0snprintf$7) refers to printf7.o(i._snputc) for _snputc
    printf7.o(i.__0sprintf$7) refers to printf7.o(i._printf_core) for _printf_core
    printf7.o(i.__0sprintf$7) refers to printf7.o(i._sputc) for _sputc
    printf7.o(i.__0vfprintf$7) refers to printf7.o(i._printf_core) for _printf_core
    printf7.o(i.__0vfprintf$7) refers to fputc.o(i.fputc) for fputc
    printf7.o(i.__0vprintf$7) refers to printf7.o(i._printf_core) for _printf_core
    printf7.o(i.__0vprintf$7) refers to fputc.o(i.fputc) for fputc
    printf7.o(i.__0vprintf$7) refers to stdout.o(.data) for __stdout
    printf7.o(i.__0vsnprintf$7) refers to printf7.o(i._printf_core) for _printf_core
    printf7.o(i.__0vsnprintf$7) refers to printf7.o(i._snputc) for _snputc
    printf7.o(i.__0vsprintf$7) refers to printf7.o(i._printf_core) for _printf_core
    printf7.o(i.__0vsprintf$7) refers to printf7.o(i._sputc) for _sputc
    printf7.o(i._printf_core) refers to printf7.o(i._printf_pre_padding) for _printf_pre_padding
    printf7.o(i._printf_core) refers to uldiv.o(.text) for __aeabi_uldivmod
    printf7.o(i._printf_core) refers to printf7.o(i._printf_post_padding) for _printf_post_padding
    printf8.o(i.__0fprintf$8) refers to printf8.o(i._printf_core) for _printf_core
    printf8.o(i.__0fprintf$8) refers to fputc.o(i.fputc) for fputc
    printf8.o(i.__0printf$8) refers to printf8.o(i._printf_core) for _printf_core
    printf8.o(i.__0printf$8) refers to fputc.o(i.fputc) for fputc
    printf8.o(i.__0printf$8) refers to stdout.o(.data) for __stdout
    printf8.o(i.__0snprintf$8) refers to printf8.o(i._printf_core) for _printf_core
    printf8.o(i.__0snprintf$8) refers to printf8.o(i._snputc) for _snputc
    printf8.o(i.__0sprintf$8) refers to printf8.o(i._printf_core) for _printf_core
    printf8.o(i.__0sprintf$8) refers to printf8.o(i._sputc) for _sputc
    printf8.o(i.__0vfprintf$8) refers to printf8.o(i._printf_core) for _printf_core
    printf8.o(i.__0vfprintf$8) refers to fputc.o(i.fputc) for fputc
    printf8.o(i.__0vprintf$8) refers to printf8.o(i._printf_core) for _printf_core
    printf8.o(i.__0vprintf$8) refers to fputc.o(i.fputc) for fputc
    printf8.o(i.__0vprintf$8) refers to stdout.o(.data) for __stdout
    printf8.o(i.__0vsnprintf$8) refers to printf8.o(i._printf_core) for _printf_core
    printf8.o(i.__0vsnprintf$8) refers to printf8.o(i._snputc) for _snputc
    printf8.o(i.__0vsprintf$8) refers to printf8.o(i._printf_core) for _printf_core
    printf8.o(i.__0vsprintf$8) refers to printf8.o(i._sputc) for _sputc
    printf8.o(i._printf_core) refers to printf8.o(i._printf_pre_padding) for _printf_pre_padding
    printf8.o(i._printf_core) refers to uldiv.o(.text) for __aeabi_uldivmod
    printf8.o(i._printf_core) refers to printf8.o(i._printf_post_padding) for _printf_post_padding
    printfa.o(i.__0fprintf) refers (Special) to iusefp.o(.text) for __I$use$fp
    printfa.o(i.__0fprintf) refers to printfa.o(i._printf_core) for _printf_core
    printfa.o(i.__0fprintf) refers to fputc.o(i.fputc) for fputc
    printfa.o(i.__0printf) refers (Special) to iusefp.o(.text) for __I$use$fp
    printfa.o(i.__0printf) refers to printfa.o(i._printf_core) for _printf_core
    printfa.o(i.__0printf) refers to fputc.o(i.fputc) for fputc
    printfa.o(i.__0printf) refers to stdout.o(.data) for __stdout
    printfa.o(i.__0snprintf) refers (Special) to iusefp.o(.text) for __I$use$fp
    printfa.o(i.__0snprintf) refers to printfa.o(i._printf_core) for _printf_core
    printfa.o(i.__0snprintf) refers to printfa.o(i._snputc) for _snputc
    printfa.o(i.__0sprintf) refers (Special) to iusefp.o(.text) for __I$use$fp
    printfa.o(i.__0sprintf) refers to printfa.o(i._printf_core) for _printf_core
    printfa.o(i.__0sprintf) refers to printfa.o(i._sputc) for _sputc
    printfa.o(i.__0vfprintf) refers (Special) to iusefp.o(.text) for __I$use$fp
    printfa.o(i.__0vfprintf) refers to printfa.o(i._printf_core) for _printf_core
    printfa.o(i.__0vfprintf) refers to fputc.o(i.fputc) for fputc
    printfa.o(i.__0vprintf) refers (Special) to iusefp.o(.text) for __I$use$fp
    printfa.o(i.__0vprintf) refers to printfa.o(i._printf_core) for _printf_core
    printfa.o(i.__0vprintf) refers to fputc.o(i.fputc) for fputc
    printfa.o(i.__0vprintf) refers to stdout.o(.data) for __stdout
    printfa.o(i.__0vsnprintf) refers (Special) to iusefp.o(.text) for __I$use$fp
    printfa.o(i.__0vsnprintf) refers to printfa.o(i._printf_core) for _printf_core
    printfa.o(i.__0vsnprintf) refers to printfa.o(i._snputc) for _snputc
    printfa.o(i.__0vsprintf) refers (Special) to iusefp.o(.text) for __I$use$fp
    printfa.o(i.__0vsprintf) refers to printfa.o(i._printf_core) for _printf_core
    printfa.o(i.__0vsprintf) refers to printfa.o(i._sputc) for _sputc
    printfa.o(i._fp_digits) refers (Special) to iusefp.o(.text) for __I$use$fp
    printfa.o(i._fp_digits) refers to dmul.o(.text) for __aeabi_dmul
    printfa.o(i._fp_digits) refers to ddiv.o(.text) for __aeabi_ddiv
    printfa.o(i._fp_digits) refers to cdrcmple.o(.text) for __aeabi_cdrcmple
    printfa.o(i._fp_digits) refers to dadd.o(.text) for __aeabi_dadd
    printfa.o(i._fp_digits) refers to dfixul.o(.text) for __aeabi_d2ulz
    printfa.o(i._fp_digits) refers to uldiv.o(.text) for __aeabi_uldivmod
    printfa.o(i._printf_core) refers (Special) to iusefp.o(.text) for __I$use$fp
    printfa.o(i._printf_core) refers to printfa.o(i._printf_pre_padding) for _printf_pre_padding
    printfa.o(i._printf_core) refers to uldiv.o(.text) for __aeabi_uldivmod
    printfa.o(i._printf_core) refers to printfa.o(i._printf_post_padding) for _printf_post_padding
    printfa.o(i._printf_core) refers to printfa.o(i._fp_digits) for _fp_digits
    printfa.o(i._printf_core) refers to uidiv.o(.text) for __aeabi_uidivmod
    printfa.o(i._printf_post_padding) refers (Special) to iusefp.o(.text) for __I$use$fp
    printfa.o(i._printf_pre_padding) refers (Special) to iusefp.o(.text) for __I$use$fp
    printfa.o(i._snputc) refers (Special) to iusefp.o(.text) for __I$use$fp
    printfa.o(i._sputc) refers (Special) to iusefp.o(.text) for __I$use$fp
    entry2.o(.ARM.Collect$$$$00000001) refers to entry2.o(.ARM.Collect$$$$00002712) for __lit__00000000
    entry2.o(.ARM.Collect$$$$00002712) refers to startup_stm32f103x6.o(STACK) for __initial_sp
    entry2.o(__vectab_stack_and_reset_area) refers to startup_stm32f103x6.o(STACK) for __initial_sp
    entry2.o(__vectab_stack_and_reset_area) refers to entry.o(.ARM.Collect$$$$00000000) for __main
    entry5.o(.ARM.Collect$$$$00000004) refers to init.o(.text) for __scatterload
    entry9a.o(.ARM.Collect$$$$0000000B) refers to main.o(i.main) for main
    entry9b.o(.ARM.Collect$$$$0000000C) refers to main.o(i.main) for main
    fputc.o(i.fputc) refers (Special) to iusesemip.o(.text) for __I$use$semihosting$fputc
    fputc.o(i.fputc) refers (Special) to semi.o(.text) for __semihosting_library_function
    uldiv.o(.text) refers to llushr.o(.text) for __aeabi_llsr
    uldiv.o(.text) refers to llshl.o(.text) for __aeabi_llsl
    dadd.o(.text) refers to llshl.o(.text) for __aeabi_llsl
    dadd.o(.text) refers to llsshr.o(.text) for __aeabi_lasr
    dadd.o(.text) refers to depilogue.o(.text) for _double_epilogue
    dmul.o(.text) refers to depilogue.o(.text) for _double_epilogue
    ddiv.o(.text) refers to depilogue.o(.text) for _double_round
    dfixul.o(.text) refers to llushr.o(.text) for __aeabi_llsr
    dfixul.o(.text) refers to llshl.o(.text) for __aeabi_llsl
    init.o(.text) refers to entry5.o(.ARM.Collect$$$$00000004) for __main_after_scatterload
    depilogue.o(.text) refers to llshl.o(.text) for __aeabi_llsl
    depilogue.o(.text) refers to llushr.o(.text) for __aeabi_llsr


==============================================================================

Removing Unused input sections from the image.

    Removing startup_stm32f103x6.o(HEAP), (512 bytes).
    Removing lcd16x2.o(.rev16_text), (4 bytes).
    Removing lcd16x2.o(.revsh_text), (4 bytes).
    Removing lcd16x2.o(.rrx_text), (6 bytes).
    Removing lcd16x2.o(i.LCD_Clear), (24 bytes).
    Removing lcd16x2.o(i.LCD_SL), (24 bytes).
    Removing lcd16x2.o(i.LCD_SR), (24 bytes).
    Removing lcd16x2_cfg.o(.rev16_text), (4 bytes).
    Removing lcd16x2_cfg.o(.revsh_text), (4 bytes).
    Removing lcd16x2_cfg.o(.rrx_text), (6 bytes).
    Removing main.o(.rev16_text), (4 bytes).
    Removing main.o(.revsh_text), (4 bytes).
    Removing main.o(.rrx_text), (6 bytes).
    Removing main.o(i.Error_Handler), (4 bytes).
    Removing stm32f1xx_it.o(.rev16_text), (4 bytes).
    Removing stm32f1xx_it.o(.revsh_text), (4 bytes).
    Removing stm32f1xx_it.o(.rrx_text), (6 bytes).
    Removing stm32f1xx_hal_msp.o(.rev16_text), (4 bytes).
    Removing stm32f1xx_hal_msp.o(.revsh_text), (4 bytes).
    Removing stm32f1xx_hal_msp.o(.rrx_text), (6 bytes).
    Removing stm32f1xx_hal_msp.o(i.HAL_RTC_MspDeInit), (32 bytes).
    Removing stm32f1xx_hal_gpio_ex.o(.rev16_text), (4 bytes).
    Removing stm32f1xx_hal_gpio_ex.o(.revsh_text), (4 bytes).
    Removing stm32f1xx_hal_gpio_ex.o(.rrx_text), (6 bytes).
    Removing stm32f1xx_hal_gpio_ex.o(i.HAL_GPIOEx_ConfigEventout), (20 bytes).
    Removing stm32f1xx_hal_gpio_ex.o(i.HAL_GPIOEx_DisableEventout), (16 bytes).
    Removing stm32f1xx_hal_gpio_ex.o(i.HAL_GPIOEx_EnableEventout), (16 bytes).
    Removing stm32f1xx_hal_rtc.o(.rev16_text), (4 bytes).
    Removing stm32f1xx_hal_rtc.o(.revsh_text), (4 bytes).
    Removing stm32f1xx_hal_rtc.o(.rrx_text), (6 bytes).
    Removing stm32f1xx_hal_rtc.o(i.HAL_RTC_DeInit), (100 bytes).
    Removing stm32f1xx_hal_rtc.o(i.HAL_RTC_DeactivateAlarm), (116 bytes).
    Removing stm32f1xx_hal_rtc.o(i.HAL_RTC_GetAlarm), (102 bytes).
    Removing stm32f1xx_hal_rtc.o(i.HAL_RTC_GetState), (4 bytes).
    Removing stm32f1xx_hal_rtc.o(i.HAL_RTC_MspDeInit), (2 bytes).
    Removing stm32f1xx_hal_rtc.o(i.HAL_RTC_MspInit), (2 bytes).
    Removing stm32f1xx_hal_rtc.o(i.HAL_RTC_PollForAlarmAEvent), (66 bytes).
    Removing stm32f1xx_hal_rtc.o(i.HAL_RTC_SetAlarm), (188 bytes).
    Removing stm32f1xx_hal_rtc.o(i.HAL_RTC_SetAlarm_IT), (236 bytes).
    Removing stm32f1xx_hal_rtc_ex.o(.rev16_text), (4 bytes).
    Removing stm32f1xx_hal_rtc_ex.o(.revsh_text), (4 bytes).
    Removing stm32f1xx_hal_rtc_ex.o(.rrx_text), (6 bytes).
    Removing stm32f1xx_hal_rtc_ex.o(i.HAL_RTCEx_BKUPRead), (16 bytes).
    Removing stm32f1xx_hal_rtc_ex.o(i.HAL_RTCEx_BKUPWrite), (16 bytes).
    Removing stm32f1xx_hal_rtc_ex.o(i.HAL_RTCEx_DeactivateSecond), (44 bytes).
    Removing stm32f1xx_hal_rtc_ex.o(i.HAL_RTCEx_DeactivateTamper), (76 bytes).
    Removing stm32f1xx_hal_rtc_ex.o(i.HAL_RTCEx_PollForTamper1Event), (72 bytes).
    Removing stm32f1xx_hal_rtc_ex.o(i.HAL_RTCEx_RTCEventCallback), (2 bytes).
    Removing stm32f1xx_hal_rtc_ex.o(i.HAL_RTCEx_RTCEventErrorCallback), (2 bytes).
    Removing stm32f1xx_hal_rtc_ex.o(i.HAL_RTCEx_RTCIRQHandler), (62 bytes).
    Removing stm32f1xx_hal_rtc_ex.o(i.HAL_RTCEx_SetSecond_IT), (44 bytes).
    Removing stm32f1xx_hal_rtc_ex.o(i.HAL_RTCEx_SetSmoothCalib), (52 bytes).
    Removing stm32f1xx_hal_rtc_ex.o(i.HAL_RTCEx_SetTamper), (80 bytes).
    Removing stm32f1xx_hal_rtc_ex.o(i.HAL_RTCEx_SetTamper_IT), (92 bytes).
    Removing stm32f1xx_hal_rtc_ex.o(i.HAL_RTCEx_Tamper1EventCallback), (2 bytes).
    Removing stm32f1xx_hal_rtc_ex.o(i.HAL_RTCEx_TamperIRQHandler), (44 bytes).
    Removing stm32f1xx_hal.o(.rev16_text), (4 bytes).
    Removing stm32f1xx_hal.o(.revsh_text), (4 bytes).
    Removing stm32f1xx_hal.o(.rrx_text), (6 bytes).
    Removing stm32f1xx_hal.o(i.HAL_DBGMCU_DisableDBGSleepMode), (16 bytes).
    Removing stm32f1xx_hal.o(i.HAL_DBGMCU_DisableDBGStandbyMode), (16 bytes).
    Removing stm32f1xx_hal.o(i.HAL_DBGMCU_DisableDBGStopMode), (16 bytes).
    Removing stm32f1xx_hal.o(i.HAL_DBGMCU_EnableDBGSleepMode), (16 bytes).
    Removing stm32f1xx_hal.o(i.HAL_DBGMCU_EnableDBGStandbyMode), (16 bytes).
    Removing stm32f1xx_hal.o(i.HAL_DBGMCU_EnableDBGStopMode), (16 bytes).
    Removing stm32f1xx_hal.o(i.HAL_DeInit), (32 bytes).
    Removing stm32f1xx_hal.o(i.HAL_GetDEVID), (16 bytes).
    Removing stm32f1xx_hal.o(i.HAL_GetHalVersion), (8 bytes).
    Removing stm32f1xx_hal.o(i.HAL_GetREVID), (12 bytes).
    Removing stm32f1xx_hal.o(i.HAL_GetTickFreq), (12 bytes).
    Removing stm32f1xx_hal.o(i.HAL_GetTickPrio), (12 bytes).
    Removing stm32f1xx_hal.o(i.HAL_GetUIDw0), (12 bytes).
    Removing stm32f1xx_hal.o(i.HAL_GetUIDw1), (12 bytes).
    Removing stm32f1xx_hal.o(i.HAL_GetUIDw2), (12 bytes).
    Removing stm32f1xx_hal.o(i.HAL_MspDeInit), (2 bytes).
    Removing stm32f1xx_hal.o(i.HAL_MspInit), (2 bytes).
    Removing stm32f1xx_hal.o(i.HAL_ResumeTick), (14 bytes).
    Removing stm32f1xx_hal.o(i.HAL_SetTickFreq), (36 bytes).
    Removing stm32f1xx_hal.o(i.HAL_SuspendTick), (14 bytes).
    Removing stm32f1xx_hal_rcc.o(.rev16_text), (4 bytes).
    Removing stm32f1xx_hal_rcc.o(.revsh_text), (4 bytes).
    Removing stm32f1xx_hal_rcc.o(.rrx_text), (6 bytes).
    Removing stm32f1xx_hal_rcc.o(i.HAL_RCC_CSSCallback), (2 bytes).
    Removing stm32f1xx_hal_rcc.o(i.HAL_RCC_DeInit), (220 bytes).
    Removing stm32f1xx_hal_rcc.o(i.HAL_RCC_DisableCSS), (12 bytes).
    Removing stm32f1xx_hal_rcc.o(i.HAL_RCC_EnableCSS), (12 bytes).
    Removing stm32f1xx_hal_rcc.o(i.HAL_RCC_GetClockConfig), (64 bytes).
    Removing stm32f1xx_hal_rcc.o(i.HAL_RCC_GetHCLKFreq), (12 bytes).
    Removing stm32f1xx_hal_rcc.o(i.HAL_RCC_GetOscConfig), (144 bytes).
    Removing stm32f1xx_hal_rcc.o(i.HAL_RCC_GetPCLK1Freq), (32 bytes).
    Removing stm32f1xx_hal_rcc.o(i.HAL_RCC_MCOConfig), (72 bytes).
    Removing stm32f1xx_hal_rcc.o(i.HAL_RCC_NMI_IRQHandler), (24 bytes).
    Removing stm32f1xx_hal_rcc_ex.o(.rev16_text), (4 bytes).
    Removing stm32f1xx_hal_rcc_ex.o(.revsh_text), (4 bytes).
    Removing stm32f1xx_hal_rcc_ex.o(.rrx_text), (6 bytes).
    Removing stm32f1xx_hal_rcc_ex.o(i.HAL_RCCEx_GetPeriphCLKConfig), (44 bytes).
    Removing stm32f1xx_hal_gpio.o(.rev16_text), (4 bytes).
    Removing stm32f1xx_hal_gpio.o(.revsh_text), (4 bytes).
    Removing stm32f1xx_hal_gpio.o(.rrx_text), (6 bytes).
    Removing stm32f1xx_hal_gpio.o(i.HAL_GPIO_DeInit), (236 bytes).
    Removing stm32f1xx_hal_gpio.o(i.HAL_GPIO_EXTI_Callback), (2 bytes).
    Removing stm32f1xx_hal_gpio.o(i.HAL_GPIO_LockPin), (34 bytes).
    Removing stm32f1xx_hal_gpio.o(i.HAL_GPIO_ReadPin), (10 bytes).
    Removing stm32f1xx_hal_gpio.o(i.HAL_GPIO_TogglePin), (16 bytes).
    Removing stm32f1xx_hal_dma.o(.rev16_text), (4 bytes).
    Removing stm32f1xx_hal_dma.o(.revsh_text), (4 bytes).
    Removing stm32f1xx_hal_dma.o(.rrx_text), (6 bytes).
    Removing stm32f1xx_hal_dma.o(i.DMA_SetConfig), (42 bytes).
    Removing stm32f1xx_hal_dma.o(i.HAL_DMA_Abort), (70 bytes).
    Removing stm32f1xx_hal_dma.o(i.HAL_DMA_Abort_IT), (152 bytes).
    Removing stm32f1xx_hal_dma.o(i.HAL_DMA_DeInit), (92 bytes).
    Removing stm32f1xx_hal_dma.o(i.HAL_DMA_GetError), (4 bytes).
    Removing stm32f1xx_hal_dma.o(i.HAL_DMA_GetState), (6 bytes).
    Removing stm32f1xx_hal_dma.o(i.HAL_DMA_IRQHandler), (340 bytes).
    Removing stm32f1xx_hal_dma.o(i.HAL_DMA_Init), (92 bytes).
    Removing stm32f1xx_hal_dma.o(i.HAL_DMA_PollForTransfer), (532 bytes).
    Removing stm32f1xx_hal_dma.o(i.HAL_DMA_RegisterCallback), (74 bytes).
    Removing stm32f1xx_hal_dma.o(i.HAL_DMA_Start), (80 bytes).
    Removing stm32f1xx_hal_dma.o(i.HAL_DMA_Start_IT), (112 bytes).
    Removing stm32f1xx_hal_dma.o(i.HAL_DMA_UnRegisterCallback), (82 bytes).
    Removing stm32f1xx_hal_cortex.o(.rev16_text), (4 bytes).
    Removing stm32f1xx_hal_cortex.o(.revsh_text), (4 bytes).
    Removing stm32f1xx_hal_cortex.o(.rrx_text), (6 bytes).
    Removing stm32f1xx_hal_cortex.o(i.HAL_NVIC_ClearPendingIRQ), (26 bytes).
    Removing stm32f1xx_hal_cortex.o(i.HAL_NVIC_DisableIRQ), (34 bytes).
    Removing stm32f1xx_hal_cortex.o(i.HAL_NVIC_GetActive), (36 bytes).
    Removing stm32f1xx_hal_cortex.o(i.HAL_NVIC_GetPendingIRQ), (36 bytes).
    Removing stm32f1xx_hal_cortex.o(i.HAL_NVIC_GetPriority), (82 bytes).
    Removing stm32f1xx_hal_cortex.o(i.HAL_NVIC_GetPriorityGrouping), (16 bytes).
    Removing stm32f1xx_hal_cortex.o(i.HAL_NVIC_SetPendingIRQ), (26 bytes).
    Removing stm32f1xx_hal_cortex.o(i.HAL_NVIC_SystemReset), (36 bytes).
    Removing stm32f1xx_hal_cortex.o(i.HAL_SYSTICK_CLKSourceConfig), (24 bytes).
    Removing stm32f1xx_hal_cortex.o(i.HAL_SYSTICK_Callback), (2 bytes).
    Removing stm32f1xx_hal_cortex.o(i.HAL_SYSTICK_IRQHandler), (8 bytes).
    Removing stm32f1xx_hal_pwr.o(.rev16_text), (4 bytes).
    Removing stm32f1xx_hal_pwr.o(.revsh_text), (4 bytes).
    Removing stm32f1xx_hal_pwr.o(.rrx_text), (6 bytes).
    Removing stm32f1xx_hal_pwr.o(i.HAL_PWR_ConfigPVD), (124 bytes).
    Removing stm32f1xx_hal_pwr.o(i.HAL_PWR_DeInit), (24 bytes).
    Removing stm32f1xx_hal_pwr.o(i.HAL_PWR_DisableBkUpAccess), (12 bytes).
    Removing stm32f1xx_hal_pwr.o(i.HAL_PWR_DisablePVD), (12 bytes).
    Removing stm32f1xx_hal_pwr.o(i.HAL_PWR_DisableSEVOnPend), (16 bytes).
    Removing stm32f1xx_hal_pwr.o(i.HAL_PWR_DisableSleepOnExit), (16 bytes).
    Removing stm32f1xx_hal_pwr.o(i.HAL_PWR_DisableWakeUpPin), (28 bytes).
    Removing stm32f1xx_hal_pwr.o(i.HAL_PWR_EnablePVD), (12 bytes).
    Removing stm32f1xx_hal_pwr.o(i.HAL_PWR_EnableSEVOnPend), (16 bytes).
    Removing stm32f1xx_hal_pwr.o(i.HAL_PWR_EnableSleepOnExit), (16 bytes).
    Removing stm32f1xx_hal_pwr.o(i.HAL_PWR_EnableWakeUpPin), (28 bytes).
    Removing stm32f1xx_hal_pwr.o(i.HAL_PWR_EnterSLEEPMode), (32 bytes).
    Removing stm32f1xx_hal_pwr.o(i.HAL_PWR_EnterSTANDBYMode), (32 bytes).
    Removing stm32f1xx_hal_pwr.o(i.HAL_PWR_EnterSTOPMode), (68 bytes).
    Removing stm32f1xx_hal_pwr.o(i.HAL_PWR_PVDCallback), (2 bytes).
    Removing stm32f1xx_hal_pwr.o(i.HAL_PWR_PVD_IRQHandler), (28 bytes).
    Removing stm32f1xx_hal_pwr.o(i.PWR_OverloadWfe), (6 bytes).
    Removing stm32f1xx_hal_flash.o(.rev16_text), (4 bytes).
    Removing stm32f1xx_hal_flash.o(.revsh_text), (4 bytes).
    Removing stm32f1xx_hal_flash.o(.rrx_text), (6 bytes).
    Removing stm32f1xx_hal_flash.o(i.FLASH_Program_HalfWord), (28 bytes).
    Removing stm32f1xx_hal_flash.o(i.FLASH_SetErrorCode), (92 bytes).
    Removing stm32f1xx_hal_flash.o(i.FLASH_WaitForLastOperation), (84 bytes).
    Removing stm32f1xx_hal_flash.o(i.HAL_FLASH_EndOfOperationCallback), (2 bytes).
    Removing stm32f1xx_hal_flash.o(i.HAL_FLASH_GetError), (12 bytes).
    Removing stm32f1xx_hal_flash.o(i.HAL_FLASH_IRQHandler), (264 bytes).
    Removing stm32f1xx_hal_flash.o(i.HAL_FLASH_Lock), (20 bytes).
    Removing stm32f1xx_hal_flash.o(i.HAL_FLASH_OB_Launch), (4 bytes).
    Removing stm32f1xx_hal_flash.o(i.HAL_FLASH_OB_Lock), (20 bytes).
    Removing stm32f1xx_hal_flash.o(i.HAL_FLASH_OB_Unlock), (36 bytes).
    Removing stm32f1xx_hal_flash.o(i.HAL_FLASH_OperationErrorCallback), (2 bytes).
    Removing stm32f1xx_hal_flash.o(i.HAL_FLASH_Program), (128 bytes).
    Removing stm32f1xx_hal_flash.o(i.HAL_FLASH_Program_IT), (100 bytes).
    Removing stm32f1xx_hal_flash.o(i.HAL_FLASH_Unlock), (40 bytes).
    Removing stm32f1xx_hal_flash.o(.bss), (32 bytes).
    Removing stm32f1xx_hal_flash_ex.o(.rev16_text), (4 bytes).
    Removing stm32f1xx_hal_flash_ex.o(.revsh_text), (4 bytes).
    Removing stm32f1xx_hal_flash_ex.o(.rrx_text), (6 bytes).
    Removing stm32f1xx_hal_flash_ex.o(i.FLASH_MassErase), (36 bytes).
    Removing stm32f1xx_hal_flash_ex.o(i.FLASH_OB_GetRDP), (24 bytes).
    Removing stm32f1xx_hal_flash_ex.o(i.FLASH_OB_RDP_LevelConfig), (100 bytes).
    Removing stm32f1xx_hal_flash_ex.o(i.FLASH_PageErase), (36 bytes).
    Removing stm32f1xx_hal_flash_ex.o(i.HAL_FLASHEx_Erase), (168 bytes).
    Removing stm32f1xx_hal_flash_ex.o(i.HAL_FLASHEx_Erase_IT), (84 bytes).
    Removing stm32f1xx_hal_flash_ex.o(i.HAL_FLASHEx_OBErase), (84 bytes).
    Removing stm32f1xx_hal_flash_ex.o(i.HAL_FLASHEx_OBGetConfig), (36 bytes).
    Removing stm32f1xx_hal_flash_ex.o(i.HAL_FLASHEx_OBGetUserData), (32 bytes).
    Removing stm32f1xx_hal_flash_ex.o(i.HAL_FLASHEx_OBProgram), (324 bytes).
    Removing stm32f1xx_hal_exti.o(.rev16_text), (4 bytes).
    Removing stm32f1xx_hal_exti.o(.revsh_text), (4 bytes).
    Removing stm32f1xx_hal_exti.o(.rrx_text), (6 bytes).
    Removing stm32f1xx_hal_exti.o(i.HAL_EXTI_ClearConfigLine), (104 bytes).
    Removing stm32f1xx_hal_exti.o(i.HAL_EXTI_ClearPending), (20 bytes).
    Removing stm32f1xx_hal_exti.o(i.HAL_EXTI_GenerateSWI), (20 bytes).
    Removing stm32f1xx_hal_exti.o(i.HAL_EXTI_GetConfigLine), (144 bytes).
    Removing stm32f1xx_hal_exti.o(i.HAL_EXTI_GetHandle), (12 bytes).
    Removing stm32f1xx_hal_exti.o(i.HAL_EXTI_GetPending), (24 bytes).
    Removing stm32f1xx_hal_exti.o(i.HAL_EXTI_IRQHandler), (36 bytes).
    Removing stm32f1xx_hal_exti.o(i.HAL_EXTI_RegisterCallback), (14 bytes).
    Removing stm32f1xx_hal_exti.o(i.HAL_EXTI_SetConfigLine), (164 bytes).
    Removing stm32f1xx_hal_tim.o(.rev16_text), (4 bytes).
    Removing stm32f1xx_hal_tim.o(.revsh_text), (4 bytes).
    Removing stm32f1xx_hal_tim.o(.rrx_text), (6 bytes).
    Removing stm32f1xx_hal_tim_ex.o(.rev16_text), (4 bytes).
    Removing stm32f1xx_hal_tim_ex.o(.revsh_text), (4 bytes).
    Removing stm32f1xx_hal_tim_ex.o(.rrx_text), (6 bytes).
    Removing system_stm32f1xx.o(.rev16_text), (4 bytes).
    Removing system_stm32f1xx.o(.revsh_text), (4 bytes).
    Removing system_stm32f1xx.o(.rrx_text), (6 bytes).
    Removing system_stm32f1xx.o(i.SystemCoreClockUpdate), (104 bytes).
    Removing dadd.o(.text), (334 bytes).
    Removing dmul.o(.text), (228 bytes).
    Removing ddiv.o(.text), (222 bytes).
    Removing dfixul.o(.text), (48 bytes).
    Removing cdrcmple.o(.text), (48 bytes).
    Removing depilogue.o(.text), (186 bytes).

213 unused section(s) (total 9586 bytes) removed from the image.

==============================================================================

Image Symbol Table

    Local Symbols

    Symbol Name                              Value     Ov Type        Size  Object(Section)

    ../Drivers/STM32F1xx_HAL_Driver/Src/stm32f1xx_hal.c 0x00000000   Number         0  stm32f1xx_hal.o ABSOLUTE
    ../Drivers/STM32F1xx_HAL_Driver/Src/stm32f1xx_hal_cortex.c 0x00000000   Number         0  stm32f1xx_hal_cortex.o ABSOLUTE
    ../Drivers/STM32F1xx_HAL_Driver/Src/stm32f1xx_hal_dma.c 0x00000000   Number         0  stm32f1xx_hal_dma.o ABSOLUTE
    ../Drivers/STM32F1xx_HAL_Driver/Src/stm32f1xx_hal_exti.c 0x00000000   Number         0  stm32f1xx_hal_exti.o ABSOLUTE
    ../Drivers/STM32F1xx_HAL_Driver/Src/stm32f1xx_hal_flash.c 0x00000000   Number         0  stm32f1xx_hal_flash.o ABSOLUTE
    ../Drivers/STM32F1xx_HAL_Driver/Src/stm32f1xx_hal_flash_ex.c 0x00000000   Number         0  stm32f1xx_hal_flash_ex.o ABSOLUTE
    ../Drivers/STM32F1xx_HAL_Driver/Src/stm32f1xx_hal_gpio.c 0x00000000   Number         0  stm32f1xx_hal_gpio.o ABSOLUTE
    ../Drivers/STM32F1xx_HAL_Driver/Src/stm32f1xx_hal_gpio_ex.c 0x00000000   Number         0  stm32f1xx_hal_gpio_ex.o ABSOLUTE
    ../Drivers/STM32F1xx_HAL_Driver/Src/stm32f1xx_hal_pwr.c 0x00000000   Number         0  stm32f1xx_hal_pwr.o ABSOLUTE
    ../Drivers/STM32F1xx_HAL_Driver/Src/stm32f1xx_hal_rcc.c 0x00000000   Number         0  stm32f1xx_hal_rcc.o ABSOLUTE
    ../Drivers/STM32F1xx_HAL_Driver/Src/stm32f1xx_hal_rcc_ex.c 0x00000000   Number         0  stm32f1xx_hal_rcc_ex.o ABSOLUTE
    ../Drivers/STM32F1xx_HAL_Driver/Src/stm32f1xx_hal_rtc.c 0x00000000   Number         0  stm32f1xx_hal_rtc.o ABSOLUTE
    ../Drivers/STM32F1xx_HAL_Driver/Src/stm32f1xx_hal_rtc_ex.c 0x00000000   Number         0  stm32f1xx_hal_rtc_ex.o ABSOLUTE
    ../Drivers/STM32F1xx_HAL_Driver/Src/stm32f1xx_hal_tim.c 0x00000000   Number         0  stm32f1xx_hal_tim.o ABSOLUTE
    ../Drivers/STM32F1xx_HAL_Driver/Src/stm32f1xx_hal_tim_ex.c 0x00000000   Number         0  stm32f1xx_hal_tim_ex.o ABSOLUTE
    ../Src/main.c                            0x00000000   Number         0  main.o ABSOLUTE
    ../Src/stm32f1xx_hal_msp.c               0x00000000   Number         0  stm32f1xx_hal_msp.o ABSOLUTE
    ../Src/stm32f1xx_it.c                    0x00000000   Number         0  stm32f1xx_it.o ABSOLUTE
    ../Src/system_stm32f1xx.c                0x00000000   Number         0  system_stm32f1xx.o ABSOLUTE
    ../clib/microlib/division.c              0x00000000   Number         0  uidiv.o ABSOLUTE
    ../clib/microlib/division.c              0x00000000   Number         0  uldiv.o ABSOLUTE
    ../clib/microlib/init/entry.s            0x00000000   Number         0  entry2.o ABSOLUTE
    ../clib/microlib/init/entry.s            0x00000000   Number         0  entry8b.o ABSOLUTE
    ../clib/microlib/init/entry.s            0x00000000   Number         0  entry11b.o ABSOLUTE
    ../clib/microlib/init/entry.s            0x00000000   Number         0  entry8a.o ABSOLUTE
    ../clib/microlib/init/entry.s            0x00000000   Number         0  entry11a.o ABSOLUTE
    ../clib/microlib/init/entry.s            0x00000000   Number         0  entry10b.o ABSOLUTE
    ../clib/microlib/init/entry.s            0x00000000   Number         0  entry10a.o ABSOLUTE
    ../clib/microlib/init/entry.s            0x00000000   Number         0  entry7b.o ABSOLUTE
    ../clib/microlib/init/entry.s            0x00000000   Number         0  entry9b.o ABSOLUTE
    ../clib/microlib/init/entry.s            0x00000000   Number         0  entry9a.o ABSOLUTE
    ../clib/microlib/init/entry.s            0x00000000   Number         0  entry.o ABSOLUTE
    ../clib/microlib/init/entry.s            0x00000000   Number         0  entry7a.o ABSOLUTE
    ../clib/microlib/init/entry.s            0x00000000   Number         0  entry5.o ABSOLUTE
    ../clib/microlib/longlong.c              0x00000000   Number         0  llushr.o ABSOLUTE
    ../clib/microlib/longlong.c              0x00000000   Number         0  llshl.o ABSOLUTE
    ../clib/microlib/longlong.c              0x00000000   Number         0  llsshr.o ABSOLUTE
    ../clib/microlib/printf/printf.c         0x00000000   Number         0  printf3.o ABSOLUTE
    ../clib/microlib/printf/printf.c         0x00000000   Number         0  printf4.o ABSOLUTE
    ../clib/microlib/printf/printf.c         0x00000000   Number         0  printf5.o ABSOLUTE
    ../clib/microlib/printf/printf.c         0x00000000   Number         0  printf6.o ABSOLUTE
    ../clib/microlib/printf/printf.c         0x00000000   Number         0  printf8.o ABSOLUTE
    ../clib/microlib/printf/printf.c         0x00000000   Number         0  printfb.o ABSOLUTE
    ../clib/microlib/printf/printf.c         0x00000000   Number         0  printfa.o ABSOLUTE
    ../clib/microlib/printf/printf.c         0x00000000   Number         0  printf0.o ABSOLUTE
    ../clib/microlib/printf/printf.c         0x00000000   Number         0  printf1.o ABSOLUTE
    ../clib/microlib/printf/printf.c         0x00000000   Number         0  printf7.o ABSOLUTE
    ../clib/microlib/printf/printf.c         0x00000000   Number         0  printf2.o ABSOLUTE
    ../clib/microlib/printf/stubs.s          0x00000000   Number         0  stubs.o ABSOLUTE
    ../clib/microlib/stdio/fputc.c           0x00000000   Number         0  fputc.o ABSOLUTE
    ../clib/microlib/stdio/semi.s            0x00000000   Number         0  semi.o ABSOLUTE
    ../clib/microlib/stdio/streams.c         0x00000000   Number         0  stdout.o ABSOLUTE
    ../clib/microlib/string/memcpy.c         0x00000000   Number         0  memcpyb.o ABSOLUTE
    ../clib/microlib/string/memcpy.c         0x00000000   Number         0  memcpya.o ABSOLUTE
    ../clib/microlib/string/memset.c         0x00000000   Number         0  memseta.o ABSOLUTE
    ../clib/microlib/stubs.s                 0x00000000   Number         0  iusefp.o ABSOLUTE
    ../clib/microlib/stubs.s                 0x00000000   Number         0  iusesemip.o ABSOLUTE
    ../fplib/microlib/fpadd.c                0x00000000   Number         0  dadd.o ABSOLUTE
    ../fplib/microlib/fpdiv.c                0x00000000   Number         0  ddiv.o ABSOLUTE
    ../fplib/microlib/fpepilogue.c           0x00000000   Number         0  depilogue.o ABSOLUTE
    ../fplib/microlib/fpfix.c                0x00000000   Number         0  dfixul.o ABSOLUTE
    ../fplib/microlib/fpmul.c                0x00000000   Number         0  dmul.o ABSOLUTE
    ..\Drivers\STM32F1xx_HAL_Driver\Src\stm32f1xx_hal.c 0x00000000   Number         0  stm32f1xx_hal.o ABSOLUTE
    ..\Drivers\STM32F1xx_HAL_Driver\Src\stm32f1xx_hal_cortex.c 0x00000000   Number         0  stm32f1xx_hal_cortex.o ABSOLUTE
    ..\Drivers\STM32F1xx_HAL_Driver\Src\stm32f1xx_hal_dma.c 0x00000000   Number         0  stm32f1xx_hal_dma.o ABSOLUTE
    ..\Drivers\STM32F1xx_HAL_Driver\Src\stm32f1xx_hal_exti.c 0x00000000   Number         0  stm32f1xx_hal_exti.o ABSOLUTE
    ..\Drivers\STM32F1xx_HAL_Driver\Src\stm32f1xx_hal_flash.c 0x00000000   Number         0  stm32f1xx_hal_flash.o ABSOLUTE
    ..\Drivers\STM32F1xx_HAL_Driver\Src\stm32f1xx_hal_flash_ex.c 0x00000000   Number         0  stm32f1xx_hal_flash_ex.o ABSOLUTE
    ..\Drivers\STM32F1xx_HAL_Driver\Src\stm32f1xx_hal_gpio.c 0x00000000   Number         0  stm32f1xx_hal_gpio.o ABSOLUTE
    ..\Drivers\STM32F1xx_HAL_Driver\Src\stm32f1xx_hal_gpio_ex.c 0x00000000   Number         0  stm32f1xx_hal_gpio_ex.o ABSOLUTE
    ..\Drivers\STM32F1xx_HAL_Driver\Src\stm32f1xx_hal_pwr.c 0x00000000   Number         0  stm32f1xx_hal_pwr.o ABSOLUTE
    ..\Drivers\STM32F1xx_HAL_Driver\Src\stm32f1xx_hal_rcc.c 0x00000000   Number         0  stm32f1xx_hal_rcc.o ABSOLUTE
    ..\Drivers\STM32F1xx_HAL_Driver\Src\stm32f1xx_hal_rcc_ex.c 0x00000000   Number         0  stm32f1xx_hal_rcc_ex.o ABSOLUTE
    ..\Drivers\STM32F1xx_HAL_Driver\Src\stm32f1xx_hal_rtc.c 0x00000000   Number         0  stm32f1xx_hal_rtc.o ABSOLUTE
    ..\Drivers\STM32F1xx_HAL_Driver\Src\stm32f1xx_hal_rtc_ex.c 0x00000000   Number         0  stm32f1xx_hal_rtc_ex.o ABSOLUTE
    ..\Drivers\STM32F1xx_HAL_Driver\Src\stm32f1xx_hal_tim.c 0x00000000   Number         0  stm32f1xx_hal_tim.o ABSOLUTE
    ..\Drivers\STM32F1xx_HAL_Driver\Src\stm32f1xx_hal_tim_ex.c 0x00000000   Number         0  stm32f1xx_hal_tim_ex.o ABSOLUTE
    ..\Src\LCD16x2\LCD16x2.c                 0x00000000   Number         0  lcd16x2.o ABSOLUTE
    ..\Src\LCD16x2\LCD16x2_cfg.c             0x00000000   Number         0  lcd16x2_cfg.o ABSOLUTE
    ..\Src\main.c                            0x00000000   Number         0  main.o ABSOLUTE
    ..\Src\stm32f1xx_hal_msp.c               0x00000000   Number         0  stm32f1xx_hal_msp.o ABSOLUTE
    ..\Src\stm32f1xx_it.c                    0x00000000   Number         0  stm32f1xx_it.o ABSOLUTE
    ..\Src\system_stm32f1xx.c                0x00000000   Number         0  system_stm32f1xx.o ABSOLUTE
    ..\\Src\\LCD16x2\\LCD16x2.c              0x00000000   Number         0  lcd16x2.o ABSOLUTE
    ..\\Src\\LCD16x2\\LCD16x2_cfg.c          0x00000000   Number         0  lcd16x2_cfg.o ABSOLUTE
    cdrcmple.s                               0x00000000   Number         0  cdrcmple.o ABSOLUTE
    dc.s                                     0x00000000   Number         0  dc.o ABSOLUTE
    handlers.s                               0x00000000   Number         0  handlers.o ABSOLUTE
    init.s                                   0x00000000   Number         0  init.o ABSOLUTE
    startup_stm32f103x6.s                    0x00000000   Number         0  startup_stm32f103x6.o ABSOLUTE
    RESET                                    0x08000000   Section      236  startup_stm32f103x6.o(RESET)
    .ARM.Collect$$$$00000000                 0x080000ec   Section        0  entry.o(.ARM.Collect$$$$00000000)
    .ARM.Collect$$$$00000001                 0x080000ec   Section        4  entry2.o(.ARM.Collect$$$$00000001)
    .ARM.Collect$$$$00000004                 0x080000f0   Section        4  entry5.o(.ARM.Collect$$$$00000004)
    .ARM.Collect$$$$00000008                 0x080000f4   Section        0  entry7b.o(.ARM.Collect$$$$00000008)
    .ARM.Collect$$$$0000000A                 0x080000f4   Section        0  entry8b.o(.ARM.Collect$$$$0000000A)
    .ARM.Collect$$$$0000000B                 0x080000f4   Section        8  entry9a.o(.ARM.Collect$$$$0000000B)
    .ARM.Collect$$$$0000000D                 0x080000fc   Section        0  entry10a.o(.ARM.Collect$$$$0000000D)
    .ARM.Collect$$$$0000000F                 0x080000fc   Section        0  entry11a.o(.ARM.Collect$$$$0000000F)
    .ARM.Collect$$$$00002712                 0x080000fc   Section        4  entry2.o(.ARM.Collect$$$$00002712)
    __lit__00000000                          0x080000fc   Data           4  entry2.o(.ARM.Collect$$$$00002712)
    .text                                    0x08000100   Section       36  startup_stm32f103x6.o(.text)
    .text                                    0x08000124   Section        0  memcpya.o(.text)
    .text                                    0x08000148   Section        0  memseta.o(.text)
    .text                                    0x0800016c   Section        0  uidiv.o(.text)
    .text                                    0x08000198   Section       36  init.o(.text)
    i.BusFault_Handler                       0x080001bc   Section        0  stm32f1xx_it.o(i.BusFault_Handler)
    i.DebugMon_Handler                       0x080001be   Section        0  stm32f1xx_it.o(i.DebugMon_Handler)
    i.EXTI1_IRQHandler                       0x080001c0   Section        0  stm32f1xx_it.o(i.EXTI1_IRQHandler)
    i.EXTI2_IRQHandler                       0x080001c6   Section        0  stm32f1xx_it.o(i.EXTI2_IRQHandler)
    i.HAL_Delay                              0x080001cc   Section        0  stm32f1xx_hal.o(i.HAL_Delay)
    i.HAL_GPIO_EXTI_Callback                 0x080001f0   Section        0  main.o(i.HAL_GPIO_EXTI_Callback)
    i.HAL_GPIO_EXTI_IRQHandler               0x08000304   Section        0  stm32f1xx_hal_gpio.o(i.HAL_GPIO_EXTI_IRQHandler)
    i.HAL_GPIO_Init                          0x0800031c   Section        0  stm32f1xx_hal_gpio.o(i.HAL_GPIO_Init)
    i.HAL_GPIO_WritePin                      0x080004dc   Section        0  stm32f1xx_hal_gpio.o(i.HAL_GPIO_WritePin)
    i.HAL_GetTick                            0x080004e8   Section        0  stm32f1xx_hal.o(i.HAL_GetTick)
    i.HAL_IncTick                            0x080004f4   Section        0  stm32f1xx_hal.o(i.HAL_IncTick)
    i.HAL_Init                               0x08000504   Section        0  stm32f1xx_hal.o(i.HAL_Init)
    i.HAL_InitTick                           0x08000528   Section        0  stm32f1xx_hal.o(i.HAL_InitTick)
    i.HAL_MspInit                            0x08000568   Section        0  stm32f1xx_hal_msp.o(i.HAL_MspInit)
    i.HAL_NVIC_EnableIRQ                     0x080005a4   Section        0  stm32f1xx_hal_cortex.o(i.HAL_NVIC_EnableIRQ)
    i.HAL_NVIC_SetPriority                   0x080005c0   Section        0  stm32f1xx_hal_cortex.o(i.HAL_NVIC_SetPriority)
    i.HAL_NVIC_SetPriorityGrouping           0x08000600   Section        0  stm32f1xx_hal_cortex.o(i.HAL_NVIC_SetPriorityGrouping)
    i.HAL_PWR_EnableBkUpAccess               0x08000624   Section        0  stm32f1xx_hal_pwr.o(i.HAL_PWR_EnableBkUpAccess)
    i.HAL_RCCEx_GetPeriphCLKFreq             0x08000630   Section        0  stm32f1xx_hal_rcc_ex.o(i.HAL_RCCEx_GetPeriphCLKFreq)
    i.HAL_RCCEx_PeriphCLKConfig              0x080006f8   Section        0  stm32f1xx_hal_rcc_ex.o(i.HAL_RCCEx_PeriphCLKConfig)
    i.HAL_RCC_ClockConfig                    0x080007e4   Section        0  stm32f1xx_hal_rcc.o(i.HAL_RCC_ClockConfig)
    i.HAL_RCC_GetPCLK2Freq                   0x08000910   Section        0  stm32f1xx_hal_rcc.o(i.HAL_RCC_GetPCLK2Freq)
    i.HAL_RCC_GetSysClockFreq                0x08000930   Section        0  stm32f1xx_hal_rcc.o(i.HAL_RCC_GetSysClockFreq)
    i.HAL_RCC_OscConfig                      0x0800099c   Section        0  stm32f1xx_hal_rcc.o(i.HAL_RCC_OscConfig)
    i.HAL_RTC_AlarmAEventCallback            0x08000cbc   Section        0  stm32f1xx_hal_rtc.o(i.HAL_RTC_AlarmAEventCallback)
    i.HAL_RTC_AlarmIRQHandler                0x08000cc0   Section        0  stm32f1xx_hal_rtc.o(i.HAL_RTC_AlarmIRQHandler)
    i.HAL_RTC_GetDate                        0x08000cf4   Section        0  stm32f1xx_hal_rtc.o(i.HAL_RTC_GetDate)
    i.HAL_RTC_GetTime                        0x08000d42   Section        0  stm32f1xx_hal_rtc.o(i.HAL_RTC_GetTime)
    i.HAL_RTC_Init                           0x08000e1c   Section        0  stm32f1xx_hal_rtc.o(i.HAL_RTC_Init)
    i.HAL_RTC_MspInit                        0x08000ebc   Section        0  stm32f1xx_hal_msp.o(i.HAL_RTC_MspInit)
    i.HAL_RTC_SetDate                        0x08000f04   Section        0  stm32f1xx_hal_rtc.o(i.HAL_RTC_SetDate)
    i.HAL_RTC_SetTime                        0x08000fc8   Section        0  stm32f1xx_hal_rtc.o(i.HAL_RTC_SetTime)
    i.HAL_RTC_WaitForSynchro                 0x08001074   Section        0  stm32f1xx_hal_rtc.o(i.HAL_RTC_WaitForSynchro)
    i.HAL_SYSTICK_Config                     0x080010ae   Section        0  stm32f1xx_hal_cortex.o(i.HAL_SYSTICK_Config)
    i.HardFault_Handler                      0x080010d6   Section        0  stm32f1xx_it.o(i.HardFault_Handler)
    i.LCD_CMD                                0x080010d8   Section        0  lcd16x2.o(i.LCD_CMD)
    i.LCD_DATA                               0x08001118   Section        0  lcd16x2.o(i.LCD_DATA)
    i.LCD_HideCursor                         0x08001170   Section        0  lcd16x2.o(i.LCD_HideCursor)
    i.LCD_Init                               0x08001188   Section        0  lcd16x2.o(i.LCD_Init)
    i.LCD_Set_Cursor                         0x080012ec   Section        0  lcd16x2.o(i.LCD_Set_Cursor)
    i.LCD_ShowCursor                         0x0800131c   Section        0  lcd16x2.o(i.LCD_ShowCursor)
    i.LCD_Write_Char                         0x08001334   Section        0  lcd16x2.o(i.LCD_Write_Char)
    i.LCD_Write_String                       0x080013a0   Section        0  lcd16x2.o(i.LCD_Write_String)
    i.MX_GPIO_Init                           0x080013b8   Section        0  main.o(i.MX_GPIO_Init)
    MX_GPIO_Init                             0x080013b9   Thumb Code   178  main.o(i.MX_GPIO_Init)
    i.MX_RTC_Init                            0x0800147c   Section        0  main.o(i.MX_RTC_Init)
    MX_RTC_Init                              0x0800147d   Thumb Code   100  main.o(i.MX_RTC_Init)
    i.MemManage_Handler                      0x080014e8   Section        0  stm32f1xx_it.o(i.MemManage_Handler)
    i.NMI_Handler                            0x080014ea   Section        0  stm32f1xx_it.o(i.NMI_Handler)
    i.PendSV_Handler                         0x080014ec   Section        0  stm32f1xx_it.o(i.PendSV_Handler)
    i.RTC_Alarm_IRQHandler                   0x080014f0   Section        0  stm32f1xx_it.o(i.RTC_Alarm_IRQHandler)
    i.RTC_Bcd2ToByte                         0x080014fc   Section        0  stm32f1xx_hal_rtc.o(i.RTC_Bcd2ToByte)
    RTC_Bcd2ToByte                           0x080014fd   Thumb Code    18  stm32f1xx_hal_rtc.o(i.RTC_Bcd2ToByte)
    i.RTC_ByteToBcd2                         0x0800150e   Section        0  stm32f1xx_hal_rtc.o(i.RTC_ByteToBcd2)
    RTC_ByteToBcd2                           0x0800150f   Thumb Code    22  stm32f1xx_hal_rtc.o(i.RTC_ByteToBcd2)
    i.RTC_DateUpdate                         0x08001524   Section        0  stm32f1xx_hal_rtc.o(i.RTC_DateUpdate)
    RTC_DateUpdate                           0x08001525   Thumb Code   174  stm32f1xx_hal_rtc.o(i.RTC_DateUpdate)
    i.RTC_EnterInitMode                      0x080015d2   Section        0  stm32f1xx_hal_rtc.o(i.RTC_EnterInitMode)
    RTC_EnterInitMode                        0x080015d3   Thumb Code    52  stm32f1xx_hal_rtc.o(i.RTC_EnterInitMode)
    i.RTC_ExitInitMode                       0x08001608   Section        0  stm32f1xx_hal_rtc.o(i.RTC_ExitInitMode)
    RTC_ExitInitMode                         0x08001609   Thumb Code    54  stm32f1xx_hal_rtc.o(i.RTC_ExitInitMode)
    i.RTC_ReadAlarmCounter                   0x0800163e   Section        0  stm32f1xx_hal_rtc.o(i.RTC_ReadAlarmCounter)
    RTC_ReadAlarmCounter                     0x0800163f   Thumb Code    14  stm32f1xx_hal_rtc.o(i.RTC_ReadAlarmCounter)
    i.RTC_ReadTimeCounter                    0x0800164c   Section        0  stm32f1xx_hal_rtc.o(i.RTC_ReadTimeCounter)
    RTC_ReadTimeCounter                      0x0800164d   Thumb Code    32  stm32f1xx_hal_rtc.o(i.RTC_ReadTimeCounter)
    i.RTC_WeekDayNum                         0x0800166c   Section        0  stm32f1xx_hal_rtc.o(i.RTC_WeekDayNum)
    RTC_WeekDayNum                           0x0800166d   Thumb Code    86  stm32f1xx_hal_rtc.o(i.RTC_WeekDayNum)
    i.RTC_WriteAlarmCounter                  0x080016c2   Section        0  stm32f1xx_hal_rtc.o(i.RTC_WriteAlarmCounter)
    RTC_WriteAlarmCounter                    0x080016c3   Thumb Code    40  stm32f1xx_hal_rtc.o(i.RTC_WriteAlarmCounter)
    i.RTC_WriteTimeCounter                   0x080016ea   Section        0  stm32f1xx_hal_rtc.o(i.RTC_WriteTimeCounter)
    RTC_WriteTimeCounter                     0x080016eb   Thumb Code    40  stm32f1xx_hal_rtc.o(i.RTC_WriteTimeCounter)
    i.SVC_Handler                            0x08001712   Section        0  stm32f1xx_it.o(i.SVC_Handler)
    i.SysTick_Handler                        0x08001714   Section        0  stm32f1xx_it.o(i.SysTick_Handler)
    i.SystemClock_Config                     0x08001718   Section        0  main.o(i.SystemClock_Config)
    i.SystemInit                             0x08001786   Section        0  system_stm32f1xx.o(i.SystemInit)
    i.UsageFault_Handler                     0x08001788   Section        0  stm32f1xx_it.o(i.UsageFault_Handler)
    i.__0sprintf$6                           0x0800178c   Section        0  printf6.o(i.__0sprintf$6)
    i.__NVIC_SetPriority                     0x080017b4   Section        0  stm32f1xx_hal_cortex.o(i.__NVIC_SetPriority)
    __NVIC_SetPriority                       0x080017b5   Thumb Code    32  stm32f1xx_hal_cortex.o(i.__NVIC_SetPriority)
    i.__scatterload_copy                     0x080017d4   Section       14  handlers.o(i.__scatterload_copy)
    i.__scatterload_null                     0x080017e2   Section        2  handlers.o(i.__scatterload_null)
    i.__scatterload_zeroinit                 0x080017e4   Section       14  handlers.o(i.__scatterload_zeroinit)
    i._printf_core                           0x080017f4   Section        0  printf6.o(i._printf_core)
    _printf_core                             0x080017f5   Thumb Code   748  printf6.o(i._printf_core)
    i._printf_post_padding                   0x08001ae4   Section        0  printf6.o(i._printf_post_padding)
    _printf_post_padding                     0x08001ae5   Thumb Code    36  printf6.o(i._printf_post_padding)
    i._printf_pre_padding                    0x08001b08   Section        0  printf6.o(i._printf_pre_padding)
    _printf_pre_padding                      0x08001b09   Thumb Code    46  printf6.o(i._printf_pre_padding)
    i._sputc                                 0x08001b36   Section        0  printf6.o(i._sputc)
    _sputc                                   0x08001b37   Thumb Code    10  printf6.o(i._sputc)
    i.cursorMove                             0x08001b40   Section        0  main.o(i.cursorMove)
    i.getTimeAndDate                         0x08001b94   Section        0  main.o(i.getTimeAndDate)
    i.main                                   0x08001bf8   Section        0  main.o(i.main)
    .constdata                               0x08001cd0   Section       20  lcd16x2_cfg.o(.constdata)
    .constdata                               0x08001ce4   Section       32  main.o(.constdata)
    .constdata                               0x08001d04   Section       16  system_stm32f1xx.o(.constdata)
    .constdata                               0x08001d14   Section        8  system_stm32f1xx.o(.constdata)
    .conststring                             0x08001d1c   Section       29  main.o(.conststring)
    .data                                    0x20000000   Section       15  main.o(.data)
    .data                                    0x20000010   Section       12  stm32f1xx_hal.o(.data)
    .data                                    0x2000001c   Section        4  system_stm32f1xx.o(.data)
    .bss                                     0x20000020   Section       20  main.o(.bss)
    STACK                                    0x20000038   Section     1024  startup_stm32f103x6.o(STACK)

    Global Symbols

    Symbol Name                              Value     Ov Type        Size  Object(Section)

    BuildAttributes$$THM_ISAv4$P$D$K$B$S$PE$A:L22UL41UL21$X:L11$S22US41US21$IEEE1$IW$USESV6$~STKCKD$USESV7$~SHL$OSPACE$ROPI$EBA8$MICROLIB$REQ8$PRES8$EABIv2 0x00000000   Number         0  anon$$obj.o ABSOLUTE
    __ARM_use_no_argv                        0x00000000   Number         0  main.o ABSOLUTE
    _printf_a                                0x00000000   Number         0  stubs.o ABSOLUTE
    _printf_c                                0x00000000   Number         0  stubs.o ABSOLUTE
    _printf_charcount                        0x00000000   Number         0  stubs.o ABSOLUTE
    _printf_d                                0x00000000   Number         0  stubs.o ABSOLUTE
    _printf_e                                0x00000000   Number         0  stubs.o ABSOLUTE
    _printf_f                                0x00000000   Number         0  stubs.o ABSOLUTE
    _printf_flags                            0x00000000   Number         0  stubs.o ABSOLUTE
    _printf_fp_dec                           0x00000000   Number         0  stubs.o ABSOLUTE
    _printf_fp_hex                           0x00000000   Number         0  stubs.o ABSOLUTE
    _printf_g                                0x00000000   Number         0  stubs.o ABSOLUTE
    _printf_i                                0x00000000   Number         0  stubs.o ABSOLUTE
    _printf_int_dec                          0x00000000   Number         0  stubs.o ABSOLUTE
    _printf_l                                0x00000000   Number         0  stubs.o ABSOLUTE
    _printf_lc                               0x00000000   Number         0  stubs.o ABSOLUTE
    _printf_ll                               0x00000000   Number         0  stubs.o ABSOLUTE
    _printf_lld                              0x00000000   Number         0  stubs.o ABSOLUTE
    _printf_lli                              0x00000000   Number         0  stubs.o ABSOLUTE
    _printf_llo                              0x00000000   Number         0  stubs.o ABSOLUTE
    _printf_llu                              0x00000000   Number         0  stubs.o ABSOLUTE
    _printf_llx                              0x00000000   Number         0  stubs.o ABSOLUTE
    _printf_longlong_dec                     0x00000000   Number         0  stubs.o ABSOLUTE
    _printf_longlong_hex                     0x00000000   Number         0  stubs.o ABSOLUTE
    _printf_longlong_oct                     0x00000000   Number         0  stubs.o ABSOLUTE
    _printf_ls                               0x00000000   Number         0  stubs.o ABSOLUTE
    _printf_mbtowc                           0x00000000   Number         0  stubs.o ABSOLUTE
    _printf_n                                0x00000000   Number         0  stubs.o ABSOLUTE
    _printf_o                                0x00000000   Number         0  stubs.o ABSOLUTE
    _printf_p                                0x00000000   Number         0  stubs.o ABSOLUTE
    _printf_percent                          0x00000000   Number         0  stubs.o ABSOLUTE
    _printf_pre_padding                      0x00000000   Number         0  stubs.o ABSOLUTE
    _printf_return_value                     0x00000000   Number         0  stubs.o ABSOLUTE
    _printf_s                                0x00000000   Number         0  stubs.o ABSOLUTE
    _printf_sizespec                         0x00000000   Number         0  stubs.o ABSOLUTE
    _printf_str                              0x00000000   Number         0  stubs.o ABSOLUTE
    _printf_truncate_signed                  0x00000000   Number         0  stubs.o ABSOLUTE
    _printf_truncate_unsigned                0x00000000   Number         0  stubs.o ABSOLUTE
    _printf_u                                0x00000000   Number         0  stubs.o ABSOLUTE
    _printf_wc                               0x00000000   Number         0  stubs.o ABSOLUTE
    _printf_wctomb                           0x00000000   Number         0  stubs.o ABSOLUTE
    _printf_widthprec                        0x00000000   Number         0  stubs.o ABSOLUTE
    _printf_x                                0x00000000   Number         0  stubs.o ABSOLUTE
    __cpp_initialize__aeabi_                  - Undefined Weak Reference
    __cxa_finalize                            - Undefined Weak Reference
    __decompress                              - Undefined Weak Reference
    _clock_init                               - Undefined Weak Reference
    _microlib_exit                            - Undefined Weak Reference
    __Vectors_Size                           0x000000ec   Number         0  startup_stm32f103x6.o ABSOLUTE
    __Vectors                                0x08000000   Data           4  startup_stm32f103x6.o(RESET)
    __Vectors_End                            0x080000ec   Data           0  startup_stm32f103x6.o(RESET)
    __main                                   0x080000ed   Thumb Code     0  entry.o(.ARM.Collect$$$$00000000)
    _main_stk                                0x080000ed   Thumb Code     0  entry2.o(.ARM.Collect$$$$00000001)
    _main_scatterload                        0x080000f1   Thumb Code     0  entry5.o(.ARM.Collect$$$$00000004)
    __main_after_scatterload                 0x080000f5   Thumb Code     0  entry5.o(.ARM.Collect$$$$00000004)
    _main_clock                              0x080000f5   Thumb Code     0  entry7b.o(.ARM.Collect$$$$00000008)
    _main_cpp_init                           0x080000f5   Thumb Code     0  entry8b.o(.ARM.Collect$$$$0000000A)
    _main_init                               0x080000f5   Thumb Code     0  entry9a.o(.ARM.Collect$$$$0000000B)
    __rt_final_cpp                           0x080000fd   Thumb Code     0  entry10a.o(.ARM.Collect$$$$0000000D)
    __rt_final_exit                          0x080000fd   Thumb Code     0  entry11a.o(.ARM.Collect$$$$0000000F)
    Reset_Handler                            0x08000101   Thumb Code     8  startup_stm32f103x6.o(.text)
    ADC1_2_IRQHandler                        0x0800011b   Thumb Code     0  startup_stm32f103x6.o(.text)
    CAN1_RX1_IRQHandler                      0x0800011b   Thumb Code     0  startup_stm32f103x6.o(.text)
    CAN1_SCE_IRQHandler                      0x0800011b   Thumb Code     0  startup_stm32f103x6.o(.text)
    DMA1_Channel1_IRQHandler                 0x0800011b   Thumb Code     0  startup_stm32f103x6.o(.text)
    DMA1_Channel2_IRQHandler                 0x0800011b   Thumb Code     0  startup_stm32f103x6.o(.text)
    DMA1_Channel3_IRQHandler                 0x0800011b   Thumb Code     0  startup_stm32f103x6.o(.text)
    DMA1_Channel4_IRQHandler                 0x0800011b   Thumb Code     0  startup_stm32f103x6.o(.text)
    DMA1_Channel5_IRQHandler                 0x0800011b   Thumb Code     0  startup_stm32f103x6.o(.text)
    DMA1_Channel6_IRQHandler                 0x0800011b   Thumb Code     0  startup_stm32f103x6.o(.text)
    DMA1_Channel7_IRQHandler                 0x0800011b   Thumb Code     0  startup_stm32f103x6.o(.text)
    EXTI0_IRQHandler                         0x0800011b   Thumb Code     0  startup_stm32f103x6.o(.text)
    EXTI15_10_IRQHandler                     0x0800011b   Thumb Code     0  startup_stm32f103x6.o(.text)
    EXTI3_IRQHandler                         0x0800011b   Thumb Code     0  startup_stm32f103x6.o(.text)
    EXTI4_IRQHandler                         0x0800011b   Thumb Code     0  startup_stm32f103x6.o(.text)
    EXTI9_5_IRQHandler                       0x0800011b   Thumb Code     0  startup_stm32f103x6.o(.text)
    FLASH_IRQHandler                         0x0800011b   Thumb Code     0  startup_stm32f103x6.o(.text)
    I2C1_ER_IRQHandler                       0x0800011b   Thumb Code     0  startup_stm32f103x6.o(.text)
    I2C1_EV_IRQHandler                       0x0800011b   Thumb Code     0  startup_stm32f103x6.o(.text)
    PVD_IRQHandler                           0x0800011b   Thumb Code     0  startup_stm32f103x6.o(.text)
    RCC_IRQHandler                           0x0800011b   Thumb Code     0  startup_stm32f103x6.o(.text)
    RTC_IRQHandler                           0x0800011b   Thumb Code     0  startup_stm32f103x6.o(.text)
    SPI1_IRQHandler                          0x0800011b   Thumb Code     0  startup_stm32f103x6.o(.text)
    TAMPER_IRQHandler                        0x0800011b   Thumb Code     0  startup_stm32f103x6.o(.text)
    TIM1_BRK_IRQHandler                      0x0800011b   Thumb Code     0  startup_stm32f103x6.o(.text)
    TIM1_CC_IRQHandler                       0x0800011b   Thumb Code     0  startup_stm32f103x6.o(.text)
    TIM1_TRG_COM_IRQHandler                  0x0800011b   Thumb Code     0  startup_stm32f103x6.o(.text)
    TIM1_UP_IRQHandler                       0x0800011b   Thumb Code     0  startup_stm32f103x6.o(.text)
    TIM2_IRQHandler                          0x0800011b   Thumb Code     0  startup_stm32f103x6.o(.text)
    TIM3_IRQHandler                          0x0800011b   Thumb Code     0  startup_stm32f103x6.o(.text)
    USART1_IRQHandler                        0x0800011b   Thumb Code     0  startup_stm32f103x6.o(.text)
    USART2_IRQHandler                        0x0800011b   Thumb Code     0  startup_stm32f103x6.o(.text)
    USBWakeUp_IRQHandler                     0x0800011b   Thumb Code     0  startup_stm32f103x6.o(.text)
    USB_HP_CAN1_TX_IRQHandler                0x0800011b   Thumb Code     0  startup_stm32f103x6.o(.text)
    USB_LP_CAN1_RX0_IRQHandler               0x0800011b   Thumb Code     0  startup_stm32f103x6.o(.text)
    WWDG_IRQHandler                          0x0800011b   Thumb Code     0  startup_stm32f103x6.o(.text)
    __aeabi_memcpy                           0x08000125   Thumb Code    36  memcpya.o(.text)
    __aeabi_memcpy4                          0x08000125   Thumb Code     0  memcpya.o(.text)
    __aeabi_memcpy8                          0x08000125   Thumb Code     0  memcpya.o(.text)
    __aeabi_memset                           0x08000149   Thumb Code    14  memseta.o(.text)
    __aeabi_memset4                          0x08000149   Thumb Code     0  memseta.o(.text)
    __aeabi_memset8                          0x08000149   Thumb Code     0  memseta.o(.text)
    __aeabi_memclr                           0x08000157   Thumb Code     4  memseta.o(.text)
    __aeabi_memclr4                          0x08000157   Thumb Code     0  memseta.o(.text)
    __aeabi_memclr8                          0x08000157   Thumb Code     0  memseta.o(.text)
    _memset$wrapper                          0x0800015b   Thumb Code    18  memseta.o(.text)
    __aeabi_uidiv                            0x0800016d   Thumb Code     0  uidiv.o(.text)
    __aeabi_uidivmod                         0x0800016d   Thumb Code    44  uidiv.o(.text)
    __scatterload                            0x08000199   Thumb Code    28  init.o(.text)
    __scatterload_rt2                        0x08000199   Thumb Code     0  init.o(.text)
    BusFault_Handler                         0x080001bd   Thumb Code     2  stm32f1xx_it.o(i.BusFault_Handler)
    DebugMon_Handler                         0x080001bf   Thumb Code     2  stm32f1xx_it.o(i.DebugMon_Handler)
    EXTI1_IRQHandler                         0x080001c1   Thumb Code     6  stm32f1xx_it.o(i.EXTI1_IRQHandler)
    EXTI2_IRQHandler                         0x080001c7   Thumb Code     6  stm32f1xx_it.o(i.EXTI2_IRQHandler)
    HAL_Delay                                0x080001cd   Thumb Code    32  stm32f1xx_hal.o(i.HAL_Delay)
    HAL_GPIO_EXTI_Callback                   0x080001f1   Thumb Code   264  main.o(i.HAL_GPIO_EXTI_Callback)
    HAL_GPIO_EXTI_IRQHandler                 0x08000305   Thumb Code    18  stm32f1xx_hal_gpio.o(i.HAL_GPIO_EXTI_IRQHandler)
    HAL_GPIO_Init                            0x0800031d   Thumb Code   418  stm32f1xx_hal_gpio.o(i.HAL_GPIO_Init)
    HAL_GPIO_WritePin                        0x080004dd   Thumb Code    10  stm32f1xx_hal_gpio.o(i.HAL_GPIO_WritePin)
    HAL_GetTick                              0x080004e9   Thumb Code     6  stm32f1xx_hal.o(i.HAL_GetTick)
    HAL_IncTick                              0x080004f5   Thumb Code    12  stm32f1xx_hal.o(i.HAL_IncTick)
    HAL_Init                                 0x08000505   Thumb Code    32  stm32f1xx_hal.o(i.HAL_Init)
    HAL_InitTick                             0x08000529   Thumb Code    54  stm32f1xx_hal.o(i.HAL_InitTick)
    HAL_MspInit                              0x08000569   Thumb Code    52  stm32f1xx_hal_msp.o(i.HAL_MspInit)
    HAL_NVIC_EnableIRQ                       0x080005a5   Thumb Code    26  stm32f1xx_hal_cortex.o(i.HAL_NVIC_EnableIRQ)
    HAL_NVIC_SetPriority                     0x080005c1   Thumb Code    60  stm32f1xx_hal_cortex.o(i.HAL_NVIC_SetPriority)
    HAL_NVIC_SetPriorityGrouping             0x08000601   Thumb Code    26  stm32f1xx_hal_cortex.o(i.HAL_NVIC_SetPriorityGrouping)
    HAL_PWR_EnableBkUpAccess                 0x08000625   Thumb Code     8  stm32f1xx_hal_pwr.o(i.HAL_PWR_EnableBkUpAccess)
    HAL_RCCEx_GetPeriphCLKFreq               0x08000631   Thumb Code   166  stm32f1xx_hal_rcc_ex.o(i.HAL_RCCEx_GetPeriphCLKFreq)
    HAL_RCCEx_PeriphCLKConfig                0x080006f9   Thumb Code   224  stm32f1xx_hal_rcc_ex.o(i.HAL_RCCEx_PeriphCLKConfig)
    HAL_RCC_ClockConfig                      0x080007e5   Thumb Code   280  stm32f1xx_hal_rcc.o(i.HAL_RCC_ClockConfig)
    HAL_RCC_GetPCLK2Freq                     0x08000911   Thumb Code    20  stm32f1xx_hal_rcc.o(i.HAL_RCC_GetPCLK2Freq)
    HAL_RCC_GetSysClockFreq                  0x08000931   Thumb Code    74  stm32f1xx_hal_rcc.o(i.HAL_RCC_GetSysClockFreq)
    HAL_RCC_OscConfig                        0x0800099d   Thumb Code   778  stm32f1xx_hal_rcc.o(i.HAL_RCC_OscConfig)
    HAL_RTC_AlarmAEventCallback              0x08000cbd   Thumb Code     2  stm32f1xx_hal_rtc.o(i.HAL_RTC_AlarmAEventCallback)
    HAL_RTC_AlarmIRQHandler                  0x08000cc1   Thumb Code    48  stm32f1xx_hal_rtc.o(i.HAL_RTC_AlarmIRQHandler)
    HAL_RTC_GetDate                          0x08000cf5   Thumb Code    78  stm32f1xx_hal_rtc.o(i.HAL_RTC_GetDate)
    HAL_RTC_GetTime                          0x08000d43   Thumb Code   216  stm32f1xx_hal_rtc.o(i.HAL_RTC_GetTime)
    HAL_RTC_Init                             0x08000e1d   Thumb Code   154  stm32f1xx_hal_rtc.o(i.HAL_RTC_Init)
    HAL_RTC_MspInit                          0x08000ebd   Thumb Code    60  stm32f1xx_hal_msp.o(i.HAL_RTC_MspInit)
    HAL_RTC_SetDate                          0x08000f05   Thumb Code   192  stm32f1xx_hal_rtc.o(i.HAL_RTC_SetDate)
    HAL_RTC_SetTime                          0x08000fc9   Thumb Code   168  stm32f1xx_hal_rtc.o(i.HAL_RTC_SetTime)
    HAL_RTC_WaitForSynchro                   0x08001075   Thumb Code    58  stm32f1xx_hal_rtc.o(i.HAL_RTC_WaitForSynchro)
    HAL_SYSTICK_Config                       0x080010af   Thumb Code    40  stm32f1xx_hal_cortex.o(i.HAL_SYSTICK_Config)
    HardFault_Handler                        0x080010d7   Thumb Code     2  stm32f1xx_it.o(i.HardFault_Handler)
    LCD_CMD                                  0x080010d9   Thumb Code    58  lcd16x2.o(i.LCD_CMD)
    LCD_DATA                                 0x08001119   Thumb Code    82  lcd16x2.o(i.LCD_DATA)
    LCD_HideCursor                           0x08001171   Thumb Code    24  lcd16x2.o(i.LCD_HideCursor)
    LCD_Init                                 0x08001189   Thumb Code   330  lcd16x2.o(i.LCD_Init)
    LCD_Set_Cursor                           0x080012ed   Thumb Code    48  lcd16x2.o(i.LCD_Set_Cursor)
    LCD_ShowCursor                           0x0800131d   Thumb Code    24  lcd16x2.o(i.LCD_ShowCursor)
    LCD_Write_Char                           0x08001335   Thumb Code   104  lcd16x2.o(i.LCD_Write_Char)
    LCD_Write_String                         0x080013a1   Thumb Code    22  lcd16x2.o(i.LCD_Write_String)
    MemManage_Handler                        0x080014e9   Thumb Code     2  stm32f1xx_it.o(i.MemManage_Handler)
    NMI_Handler                              0x080014eb   Thumb Code     2  stm32f1xx_it.o(i.NMI_Handler)
    PendSV_Handler                           0x080014ed   Thumb Code     2  stm32f1xx_it.o(i.PendSV_Handler)
    RTC_Alarm_IRQHandler                     0x080014f1   Thumb Code     6  stm32f1xx_it.o(i.RTC_Alarm_IRQHandler)
    SVC_Handler                              0x08001713   Thumb Code     2  stm32f1xx_it.o(i.SVC_Handler)
    SysTick_Handler                          0x08001715   Thumb Code     4  stm32f1xx_it.o(i.SysTick_Handler)
    SystemClock_Config                       0x08001719   Thumb Code   110  main.o(i.SystemClock_Config)
    SystemInit                               0x08001787   Thumb Code     2  system_stm32f1xx.o(i.SystemInit)
    UsageFault_Handler                       0x08001789   Thumb Code     2  stm32f1xx_it.o(i.UsageFault_Handler)
    __0sprintf$6                             0x0800178d   Thumb Code    34  printf6.o(i.__0sprintf$6)
    __1sprintf$6                             0x0800178d   Thumb Code     0  printf6.o(i.__0sprintf$6)
    __2sprintf                               0x0800178d   Thumb Code     0  printf6.o(i.__0sprintf$6)
    __scatterload_copy                       0x080017d5   Thumb Code    14  handlers.o(i.__scatterload_copy)
    __scatterload_null                       0x080017e3   Thumb Code     2  handlers.o(i.__scatterload_null)
    __scatterload_zeroinit                   0x080017e5   Thumb Code    14  handlers.o(i.__scatterload_zeroinit)
    cursorMove                               0x08001b41   Thumb Code    78  main.o(i.cursorMove)
    getTimeAndDate                           0x08001b95   Thumb Code    94  main.o(i.getTimeAndDate)
    main                                     0x08001bf9   Thumb Code   162  main.o(i.main)
    LCD16x2_CfgParam                         0x08001cd0   Data          20  lcd16x2_cfg.o(.constdata)
    AHBPrescTable                            0x08001d04   Data          16  system_stm32f1xx.o(.constdata)
    APBPrescTable                            0x08001d14   Data           8  system_stm32f1xx.o(.constdata)
    Region$$Table$$Base                      0x08001d3c   Number         0  anon$$obj.o(Region$$Table)
    Region$$Table$$Limit                     0x08001d5c   Number         0  anon$$obj.o(Region$$Table)
    currentMode                              0x20000000   Data           1  main.o(.data)
    h                                        0x20000001   Data           1  main.o(.data)
    m                                        0x20000002   Data           1  main.o(.data)
    s                                        0x20000003   Data           1  main.o(.data)
    y                                        0x20000004   Data           1  main.o(.data)
    mon                                      0x20000005   Data           1  main.o(.data)
    d                                        0x20000006   Data           1  main.o(.data)
    wk                                       0x20000007   Data           1  main.o(.data)
    tmptim                                   0x20000008   Data           3  main.o(.data)
    tmpdat                                   0x2000000b   Data           4  main.o(.data)
    uwTickFreq                               0x20000010   Data           1  stm32f1xx_hal.o(.data)
    uwTickPrio                               0x20000014   Data           4  stm32f1xx_hal.o(.data)
    uwTick                                   0x20000018   Data           4  stm32f1xx_hal.o(.data)
    SystemCoreClock                          0x2000001c   Data           4  system_stm32f1xx.o(.data)
    hrtc                                     0x20000020   Data          20  main.o(.bss)
    __initial_sp                             0x20000438   Data           0  startup_stm32f103x6.o(STACK)



==============================================================================

Memory Map of the image

  Image Entry point : 0x080000ed

  Load Region LR_IROM1 (Base: 0x08000000, Size: 0x00001d7c, Max: 0x00004000, ABSOLUTE)

    Execution Region ER_IROM1 (Exec base: 0x08000000, Load base: 0x08000000, Size: 0x00001d5c, Max: 0x00004000, ABSOLUTE)

    Exec Addr    Load Addr    Size         Type   Attr      Idx    E Section Name        Object

    0x08000000   0x08000000   0x000000ec   Data   RO            3    RESET               startup_stm32f103x6.o
    0x080000ec   0x080000ec   0x00000000   Code   RO         1761  * .ARM.Collect$$$$00000000  mc_w.l(entry.o)
    0x080000ec   0x080000ec   0x00000004   Code   RO         2033    .ARM.Collect$$$$00000001  mc_w.l(entry2.o)
    0x080000f0   0x080000f0   0x00000004   Code   RO         2036    .ARM.Collect$$$$00000004  mc_w.l(entry5.o)
    0x080000f4   0x080000f4   0x00000000   Code   RO         2038    .ARM.Collect$$$$00000008  mc_w.l(entry7b.o)
    0x080000f4   0x080000f4   0x00000000   Code   RO         2040    .ARM.Collect$$$$0000000A  mc_w.l(entry8b.o)
    0x080000f4   0x080000f4   0x00000008   Code   RO         2041    .ARM.Collect$$$$0000000B  mc_w.l(entry9a.o)
    0x080000fc   0x080000fc   0x00000000   Code   RO         2043    .ARM.Collect$$$$0000000D  mc_w.l(entry10a.o)
    0x080000fc   0x080000fc   0x00000000   Code   RO         2045    .ARM.Collect$$$$0000000F  mc_w.l(entry11a.o)
    0x080000fc   0x080000fc   0x00000004   Code   RO         2034    .ARM.Collect$$$$00002712  mc_w.l(entry2.o)
    0x08000100   0x08000100   0x00000024   Code   RO            4    .text               startup_stm32f103x6.o
    0x08000124   0x08000124   0x00000024   Code   RO         1766    .text               mc_w.l(memcpya.o)
    0x08000148   0x08000148   0x00000024   Code   RO         1768    .text               mc_w.l(memseta.o)
    0x0800016c   0x0800016c   0x0000002c   Code   RO         2050    .text               mc_w.l(uidiv.o)
    0x08000198   0x08000198   0x00000024   Code   RO         2065    .text               mc_w.l(init.o)
    0x080001bc   0x080001bc   0x00000002   Code   RO          287    i.BusFault_Handler  stm32f1xx_it.o
    0x080001be   0x080001be   0x00000002   Code   RO          288    i.DebugMon_Handler  stm32f1xx_it.o
    0x080001c0   0x080001c0   0x00000006   Code   RO          289    i.EXTI1_IRQHandler  stm32f1xx_it.o
    0x080001c6   0x080001c6   0x00000006   Code   RO          290    i.EXTI2_IRQHandler  stm32f1xx_it.o
    0x080001cc   0x080001cc   0x00000024   Code   RO          732    i.HAL_Delay         stm32f1xx_hal.o
    0x080001f0   0x080001f0   0x00000114   Code   RO          208    i.HAL_GPIO_EXTI_Callback  main.o
    0x08000304   0x08000304   0x00000018   Code   RO         1039    i.HAL_GPIO_EXTI_IRQHandler  stm32f1xx_hal_gpio.o
    0x0800031c   0x0800031c   0x000001c0   Code   RO         1040    i.HAL_GPIO_Init     stm32f1xx_hal_gpio.o
    0x080004dc   0x080004dc   0x0000000a   Code   RO         1044    i.HAL_GPIO_WritePin  stm32f1xx_hal_gpio.o
    0x080004e6   0x080004e6   0x00000002   PAD
    0x080004e8   0x080004e8   0x0000000c   Code   RO          736    i.HAL_GetTick       stm32f1xx_hal.o
    0x080004f4   0x080004f4   0x00000010   Code   RO          742    i.HAL_IncTick       stm32f1xx_hal.o
    0x08000504   0x08000504   0x00000024   Code   RO          743    i.HAL_Init          stm32f1xx_hal.o
    0x08000528   0x08000528   0x00000040   Code   RO          744    i.HAL_InitTick      stm32f1xx_hal.o
    0x08000568   0x08000568   0x0000003c   Code   RO          381    i.HAL_MspInit       stm32f1xx_hal_msp.o
    0x080005a4   0x080005a4   0x0000001a   Code   RO         1200    i.HAL_NVIC_EnableIRQ  stm32f1xx_hal_cortex.o
    0x080005be   0x080005be   0x00000002   PAD
    0x080005c0   0x080005c0   0x00000040   Code   RO         1206    i.HAL_NVIC_SetPriority  stm32f1xx_hal_cortex.o
    0x08000600   0x08000600   0x00000024   Code   RO         1207    i.HAL_NVIC_SetPriorityGrouping  stm32f1xx_hal_cortex.o
    0x08000624   0x08000624   0x0000000c   Code   RO         1322    i.HAL_PWR_EnableBkUpAccess  stm32f1xx_hal_pwr.o
    0x08000630   0x08000630   0x000000c8   Code   RO         1002    i.HAL_RCCEx_GetPeriphCLKFreq  stm32f1xx_hal_rcc_ex.o
    0x080006f8   0x080006f8   0x000000ec   Code   RO         1003    i.HAL_RCCEx_PeriphCLKConfig  stm32f1xx_hal_rcc_ex.o
    0x080007e4   0x080007e4   0x0000012c   Code   RO          900    i.HAL_RCC_ClockConfig  stm32f1xx_hal_rcc.o
    0x08000910   0x08000910   0x00000020   Code   RO          908    i.HAL_RCC_GetPCLK2Freq  stm32f1xx_hal_rcc.o
    0x08000930   0x08000930   0x0000006c   Code   RO          909    i.HAL_RCC_GetSysClockFreq  stm32f1xx_hal_rcc.o
    0x0800099c   0x0800099c   0x00000320   Code   RO          912    i.HAL_RCC_OscConfig  stm32f1xx_hal_rcc.o
    0x08000cbc   0x08000cbc   0x00000002   Code   RO          453    i.HAL_RTC_AlarmAEventCallback  stm32f1xx_hal_rtc.o
    0x08000cbe   0x08000cbe   0x00000002   PAD
    0x08000cc0   0x08000cc0   0x00000034   Code   RO          454    i.HAL_RTC_AlarmIRQHandler  stm32f1xx_hal_rtc.o
    0x08000cf4   0x08000cf4   0x0000004e   Code   RO          458    i.HAL_RTC_GetDate   stm32f1xx_hal_rtc.o
    0x08000d42   0x08000d42   0x000000d8   Code   RO          460    i.HAL_RTC_GetTime   stm32f1xx_hal_rtc.o
    0x08000e1a   0x08000e1a   0x00000002   PAD
    0x08000e1c   0x08000e1c   0x000000a0   Code   RO          461    i.HAL_RTC_Init      stm32f1xx_hal_rtc.o
    0x08000ebc   0x08000ebc   0x00000048   Code   RO          383    i.HAL_RTC_MspInit   stm32f1xx_hal_msp.o
    0x08000f04   0x08000f04   0x000000c4   Code   RO          467    i.HAL_RTC_SetDate   stm32f1xx_hal_rtc.o
    0x08000fc8   0x08000fc8   0x000000ac   Code   RO          468    i.HAL_RTC_SetTime   stm32f1xx_hal_rtc.o
    0x08001074   0x08001074   0x0000003a   Code   RO          469    i.HAL_RTC_WaitForSynchro  stm32f1xx_hal_rtc.o
    0x080010ae   0x080010ae   0x00000028   Code   RO         1211    i.HAL_SYSTICK_Config  stm32f1xx_hal_cortex.o
    0x080010d6   0x080010d6   0x00000002   Code   RO          291    i.HardFault_Handler  stm32f1xx_it.o
    0x080010d8   0x080010d8   0x00000040   Code   RO           13    i.LCD_CMD           lcd16x2.o
    0x08001118   0x08001118   0x00000058   Code   RO           15    i.LCD_DATA          lcd16x2.o
    0x08001170   0x08001170   0x00000018   Code   RO           16    i.LCD_HideCursor    lcd16x2.o
    0x08001188   0x08001188   0x00000164   Code   RO           17    i.LCD_Init          lcd16x2.o
    0x080012ec   0x080012ec   0x00000030   Code   RO           20    i.LCD_Set_Cursor    lcd16x2.o
    0x0800131c   0x0800131c   0x00000018   Code   RO           21    i.LCD_ShowCursor    lcd16x2.o
    0x08001334   0x08001334   0x0000006c   Code   RO           22    i.LCD_Write_Char    lcd16x2.o
    0x080013a0   0x080013a0   0x00000016   Code   RO           23    i.LCD_Write_String  lcd16x2.o
    0x080013b6   0x080013b6   0x00000002   PAD
    0x080013b8   0x080013b8   0x000000c4   Code   RO          209    i.MX_GPIO_Init      main.o
    0x0800147c   0x0800147c   0x0000006c   Code   RO          210    i.MX_RTC_Init       main.o
    0x080014e8   0x080014e8   0x00000002   Code   RO          292    i.MemManage_Handler  stm32f1xx_it.o
    0x080014ea   0x080014ea   0x00000002   Code   RO          293    i.NMI_Handler       stm32f1xx_it.o
    0x080014ec   0x080014ec   0x00000002   Code   RO          294    i.PendSV_Handler    stm32f1xx_it.o
    0x080014ee   0x080014ee   0x00000002   PAD
    0x080014f0   0x080014f0   0x0000000c   Code   RO          295    i.RTC_Alarm_IRQHandler  stm32f1xx_it.o
    0x080014fc   0x080014fc   0x00000012   Code   RO          470    i.RTC_Bcd2ToByte    stm32f1xx_hal_rtc.o
    0x0800150e   0x0800150e   0x00000016   Code   RO          471    i.RTC_ByteToBcd2    stm32f1xx_hal_rtc.o
    0x08001524   0x08001524   0x000000ae   Code   RO          472    i.RTC_DateUpdate    stm32f1xx_hal_rtc.o
    0x080015d2   0x080015d2   0x00000034   Code   RO          473    i.RTC_EnterInitMode  stm32f1xx_hal_rtc.o
    0x08001606   0x08001606   0x00000002   PAD
    0x08001608   0x08001608   0x00000036   Code   RO          474    i.RTC_ExitInitMode  stm32f1xx_hal_rtc.o
    0x0800163e   0x0800163e   0x0000000e   Code   RO          475    i.RTC_ReadAlarmCounter  stm32f1xx_hal_rtc.o
    0x0800164c   0x0800164c   0x00000020   Code   RO          476    i.RTC_ReadTimeCounter  stm32f1xx_hal_rtc.o
    0x0800166c   0x0800166c   0x00000056   Code   RO          477    i.RTC_WeekDayNum    stm32f1xx_hal_rtc.o
    0x080016c2   0x080016c2   0x00000028   Code   RO          478    i.RTC_WriteAlarmCounter  stm32f1xx_hal_rtc.o
    0x080016ea   0x080016ea   0x00000028   Code   RO          479    i.RTC_WriteTimeCounter  stm32f1xx_hal_rtc.o
    0x08001712   0x08001712   0x00000002   Code   RO          296    i.SVC_Handler       stm32f1xx_it.o
    0x08001714   0x08001714   0x00000004   Code   RO          297    i.SysTick_Handler   stm32f1xx_it.o
    0x08001718   0x08001718   0x0000006e   Code   RO          211    i.SystemClock_Config  main.o
    0x08001786   0x08001786   0x00000002   Code   RO         1727    i.SystemInit        system_stm32f1xx.o
    0x08001788   0x08001788   0x00000002   Code   RO          298    i.UsageFault_Handler  stm32f1xx_it.o
    0x0800178a   0x0800178a   0x00000002   PAD
    0x0800178c   0x0800178c   0x00000028   Code   RO         1929    i.__0sprintf$6      mc_w.l(printf6.o)
    0x080017b4   0x080017b4   0x00000020   Code   RO         1213    i.__NVIC_SetPriority  stm32f1xx_hal_cortex.o
    0x080017d4   0x080017d4   0x0000000e   Code   RO         2077    i.__scatterload_copy  mc_w.l(handlers.o)
    0x080017e2   0x080017e2   0x00000002   Code   RO         2078    i.__scatterload_null  mc_w.l(handlers.o)
    0x080017e4   0x080017e4   0x0000000e   Code   RO         2079    i.__scatterload_zeroinit  mc_w.l(handlers.o)
    0x080017f2   0x080017f2   0x00000002   PAD
    0x080017f4   0x080017f4   0x000002f0   Code   RO         1934    i._printf_core      mc_w.l(printf6.o)
    0x08001ae4   0x08001ae4   0x00000024   Code   RO         1935    i._printf_post_padding  mc_w.l(printf6.o)
    0x08001b08   0x08001b08   0x0000002e   Code   RO         1936    i._printf_pre_padding  mc_w.l(printf6.o)
    0x08001b36   0x08001b36   0x0000000a   Code   RO         1938    i._sputc            mc_w.l(printf6.o)
    0x08001b40   0x08001b40   0x00000054   Code   RO          212    i.cursorMove        main.o
    0x08001b94   0x08001b94   0x00000064   Code   RO          213    i.getTimeAndDate    main.o
    0x08001bf8   0x08001bf8   0x000000d8   Code   RO          214    i.main              main.o
    0x08001cd0   0x08001cd0   0x00000014   Data   RO          186    .constdata          lcd16x2_cfg.o
    0x08001ce4   0x08001ce4   0x00000020   Data   RO          216    .constdata          main.o
    0x08001d04   0x08001d04   0x00000010   Data   RO         1728    .constdata          system_stm32f1xx.o
    0x08001d14   0x08001d14   0x00000008   Data   RO         1729    .constdata          system_stm32f1xx.o
    0x08001d1c   0x08001d1c   0x0000001d   Data   RO          217    .conststring        main.o
    0x08001d39   0x08001d39   0x00000003   PAD
    0x08001d3c   0x08001d3c   0x00000020   Data   RO         2075    Region$$Table       anon$$obj.o


    Execution Region RW_IRAM1 (Exec base: 0x20000000, Load base: 0x08001d5c, Size: 0x00000438, Max: 0x00001800, ABSOLUTE)

    Exec Addr    Load Addr    Size         Type   Attr      Idx    E Section Name        Object

    0x20000000   0x08001d5c   0x0000000f   Data   RW          218    .data               main.o
    0x2000000f   0x08001d6b   0x00000001   PAD
    0x20000010   0x08001d6c   0x0000000c   Data   RW          750    .data               stm32f1xx_hal.o
    0x2000001c   0x08001d78   0x00000004   Data   RW         1730    .data               system_stm32f1xx.o
    0x20000020        -       0x00000014   Zero   RW          215    .bss                main.o
    0x20000034   0x08001d7c   0x00000004   PAD
    0x20000038        -       0x00000400   Zero   RW            1    STACK               startup_stm32f103x6.o


==============================================================================

Image component sizes


      Code (inc. data)   RO Data    RW Data    ZI Data      Debug   Object Name

       734         42          0          0          0     382579   lcd16x2.o
         0          0         20          0          0        515   lcd16x2_cfg.o
      1090        104         61         15         20       5669   main.o
        36          8        236          0       1024        788   startup_stm32f103x6.o
       164         28          0         12          0       5433   stm32f1xx_hal.o
       198         14          0          0          0      28851   stm32f1xx_hal_cortex.o
       482         36          0          0          0       3415   stm32f1xx_hal_gpio.o
       132         20          0          0          0       1392   stm32f1xx_hal_msp.o
        12          4          0          0          0        499   stm32f1xx_hal_pwr.o
      1240         88          0          0          0       4553   stm32f1xx_hal_rcc.o
       436         46          0          0          0       2489   stm32f1xx_hal_rcc_ex.o
      1466         18          0          0          0      13564   stm32f1xx_hal_rtc.o
        44          6          0          0          0       4879   stm32f1xx_it.o
         2          0         24          4          0       1051   system_stm32f1xx.o

    ----------------------------------------------------------------------
      6052        414        376         32       1048     455677   Object Totals
         0          0         32          0          0          0   (incl. Generated)
        16          0          3          1          4          0   (incl. Padding)

    ----------------------------------------------------------------------

      Code (inc. data)   RO Data    RW Data    ZI Data      Debug   Library Member Name

         0          0          0          0          0          0   entry.o
         0          0          0          0          0          0   entry10a.o
         0          0          0          0          0          0   entry11a.o
         8          4          0          0          0          0   entry2.o
         4          0          0          0          0          0   entry5.o
         0          0          0          0          0          0   entry7b.o
         0          0          0          0          0          0   entry8b.o
         8          4          0          0          0          0   entry9a.o
        30          0          0          0          0          0   handlers.o
        36          8          0          0          0         68   init.o
        36          0          0          0          0         68   memcpya.o
        36          0          0          0          0        108   memseta.o
       884         10          0          0          0        420   printf6.o
        44          0          0          0          0         80   uidiv.o

    ----------------------------------------------------------------------
      1088         26          0          0          0        744   Library Totals
         2          0          0          0          0          0   (incl. Padding)

    ----------------------------------------------------------------------

      Code (inc. data)   RO Data    RW Data    ZI Data      Debug   Library Name

      1086         26          0          0          0        744   mc_w.l

    ----------------------------------------------------------------------
      1088         26          0          0          0        744   Library Totals

    ----------------------------------------------------------------------

==============================================================================


      Code (inc. data)   RO Data    RW Data    ZI Data      Debug   

      7140        440        376         32       1048     452933   Grand Totals
      7140        440        376         32       1048     452933   ELF Image Totals
      7140        440        376         32          0          0   ROM Totals

==============================================================================

    Total RO  Size (Code + RO Data)                 7516 (   7.34kB)
    Total RW  Size (RW Data + ZI Data)              1080 (   1.05kB)
    Total ROM Size (Code + RO Data + RW Data)       7548 (   7.37kB)

==============================================================================

