<html>
<body>
<pre>
<h1>µVision Build Log</h1>
<h2>Tool Versions:</h2>
IDE-Version: µVision V5.24.2.0
Copyright (C) 2017 ARM Ltd and ARM Germany GmbH. All rights reserved.
License Information: A T, No, LIC=6XJUH-WEK5Y-JPEZQ-N7BZX-EUBXV-V641Y
 
Tool Versions:
Toolchain:       MDK-ARM Professional  Version: 5.24.1
Toolchain Path:  C:\Keil_v5\ARM\ARMCC\Bin
C Compiler:      Armcc.exe V5.06 update 5 (build 528)
Assembler:       Armasm.exe V5.06 update 5 (build 528)
Linker/Locator:  ArmLink.exe V5.06 update 5 (build 528)
Library Manager: ArmAr.exe V5.06 update 5 (build 528)
Hex Converter:   FromElf.exe V5.06 update 5 (build 528)
CPU DLL:         SARMCM3.DLL V5.24.1
Dialog DLL:      DCM.DLL V1.16.0.0
Target DLL:      STLink\ST-LINKIII-KEIL_SWO.dll V3.0.1.0
Dialog DLL:      TCM.DLL V1.32.0.0
 
<h2>Project:</h2>
C:\Users\Alireza\Documents\_MCU\RTC3\MDK-ARM\RTC3.uvprojx
Project File Date:  10/29/2021

<h2>Output:</h2>
*** Using Compiler 'V5.06 update 5 (build 528)', folder: 'C:\Keil_v5\ARM\ARMCC\Bin'
Build target 'RTC3'
compiling main.c...
../Src/LCD16x2/LCD16x2.h(34): warning:  #1295-D: Deprecated declaration LCD_Init - give arg types
  void LCD_Init();                  // Initialize The LCD For 4-Bit Interface
../Src/LCD16x2/LCD16x2.h(35): warning:  #1295-D: Deprecated declaration LCD_Clear - give arg types
  void LCD_Clear();                 // Clear The LCD Display
../Src/LCD16x2/LCD16x2.h(36): warning:  #1295-D: Deprecated declaration LCD_SL - give arg types
  void LCD_SL();                    // Shift The Entire Display To The Left
../Src/LCD16x2/LCD16x2.h(37): warning:  #1295-D: Deprecated declaration LCD_SR - give arg types
  void LCD_SR();                    // Shift The Entire Display To The Right
../Src/LCD16x2/LCD16x2.h(43): warning:  #1295-D: Deprecated declaration LCD_ShowCursor - give arg types
  void LCD_ShowCursor();
../Src/LCD16x2/LCD16x2.h(44): warning:  #1295-D: Deprecated declaration LCD_HideCursor - give arg types
  void LCD_HideCursor();
../Src/main.c(115): warning:  #188-D: enumerated type mixed with another type
  			HAL_GPIO_WritePin(
PIOB, 
PIO_PIN_10, 0);	//turn off alarm
../Src/main.c: 7 warnings, 0 errors
linking...
Program Size: Code=7140 RO-data=376 RW-data=32 ZI-data=1048  
FromELF: creating hex file...
"RTC3\RTC3.axf" - 0 Error(s), 7 Warning(s).

<h2>Software Packages used:</h2>

Package Vendor: ARM
                http://www.keil.com/pack/ARM.CMSIS.5.8.0.pack
                ARM.CMSIS.5.8.0
                CMSIS (Common Microcontroller Software Interface Standard)
   * Component: CORE Version: 5.5.0

Package Vendor: Keil
                http://www.keil.com/pack/Keil.STM32F1xx_DFP.2.3.0.pack
                Keil.STM32F1xx_DFP.2.3.0
                STMicroelectronics STM32F1 Series Device Support, Drivers and Examples

<h2>Collection of Component include folders:</h2>
  .\RTE\_RTC3
  C:\Keil_v5\ARM\PACK\ARM\CMSIS\5.8.0\CMSIS\Core\Include
  C:\Keil_v5\ARM\PACK\Keil\STM32F1xx_DFP\2.3.0\Device\Include

<h2>Collection of Component Files used:</h2>

   * Component: ARM::CMSIS:CORE:5.5.0
Build Time Elapsed:  00:00:01
</pre>
</body>
</html>
